Archive member included to satisfy reference by file (symbol)

c:/nxp/mcuxpressoide_11.2.0_4120/ide/plugins/com.nxp.mcuxpresso.tools.win32_11.2.0.202001021529/tools/bin/../lib/gcc/arm-none-eabi/9.2.1/../../../../arm-none-eabi/lib/thumb/v6-m/nofp\libcr_nohost_nf.a(__ciob.o)
                              ./source/uart.o (__Ciob)
c:/nxp/mcuxpressoide_11.2.0_4120/ide/plugins/com.nxp.mcuxpresso.tools.win32_11.2.0.202001021529/tools/bin/../lib/gcc/arm-none-eabi/9.2.1/../../../../arm-none-eabi/lib/thumb/v6-m/nofp\libcr_nohost_nf.a(_cr__main.o)
                              ./startup/startup_mkl25z4.o (__main)
c:/nxp/mcuxpressoide_11.2.0_4120/ide/plugins/com.nxp.mcuxpresso.tools.win32_11.2.0.202001021529/tools/bin/../lib/gcc/arm-none-eabi/9.2.1/../../../../arm-none-eabi/lib/thumb/v6-m/nofp\libcr_c.a(memcpy.o)
                              ./source/audio_out.o (memcpy)
c:/nxp/mcuxpressoide_11.2.0_4120/ide/plugins/com.nxp.mcuxpresso.tools.win32_11.2.0.202001021529/tools/bin/../lib/gcc/arm-none-eabi/9.2.1/../../../../arm-none-eabi/lib/thumb/v6-m/nofp\libcr_c.a(memset.o)
                              ./drivers/fsl_flash.o (memset)
c:/nxp/mcuxpressoide_11.2.0_4120/ide/plugins/com.nxp.mcuxpresso.tools.win32_11.2.0.202001021529/tools/bin/../lib/gcc/arm-none-eabi/9.2.1/../../../../arm-none-eabi/lib/thumb/v6-m/nofp\libcr_c.a(__fillbuf.o)
                              ./source/uart.o (__filbuf)
c:/nxp/mcuxpressoide_11.2.0_4120/ide/plugins/com.nxp.mcuxpresso.tools.win32_11.2.0.202001021529/tools/bin/../lib/gcc/arm-none-eabi/9.2.1/../../../../arm-none-eabi/lib/thumb/v6-m/nofp\libcr_c.a(_deferredlazyseek.o)
                              c:/nxp/mcuxpressoide_11.2.0_4120/ide/plugins/com.nxp.mcuxpresso.tools.win32_11.2.0.202001021529/tools/bin/../lib/gcc/arm-none-eabi/9.2.1/../../../../arm-none-eabi/lib/thumb/v6-m/nofp\libcr_c.a(__fillbuf.o) (_deferredlazyseek)
c:/nxp/mcuxpressoide_11.2.0_4120/ide/plugins/com.nxp.mcuxpresso.tools.win32_11.2.0.202001021529/tools/bin/../lib/gcc/arm-none-eabi/9.2.1/../../../../arm-none-eabi/lib/thumb/v6-m/nofp\libcr_c.a(_fflush.o)
                              c:/nxp/mcuxpressoide_11.2.0_4120/ide/plugins/com.nxp.mcuxpresso.tools.win32_11.2.0.202001021529/tools/bin/../lib/gcc/arm-none-eabi/9.2.1/../../../../arm-none-eabi/lib/thumb/v6-m/nofp\libcr_c.a(__fillbuf.o) (_fflush)
c:/nxp/mcuxpressoide_11.2.0_4120/ide/plugins/com.nxp.mcuxpresso.tools.win32_11.2.0.202001021529/tools/bin/../lib/gcc/arm-none-eabi/9.2.1/../../../../arm-none-eabi/lib/thumb/v6-m/nofp\libcr_c.a(_writebuf.o)
                              c:/nxp/mcuxpressoide_11.2.0_4120/ide/plugins/com.nxp.mcuxpresso.tools.win32_11.2.0.202001021529/tools/bin/../lib/gcc/arm-none-eabi/9.2.1/../../../../arm-none-eabi/lib/thumb/v6-m/nofp\libcr_c.a(_deferredlazyseek.o) (_Cwritebuf)
c:/nxp/mcuxpressoide_11.2.0_4120/ide/plugins/com.nxp.mcuxpresso.tools.win32_11.2.0.202001021529/tools/bin/../lib/gcc/arm-none-eabi/9.2.1/../../../../arm-none-eabi/lib/thumb/v6-m/nofp\libcr_c.a(alloc.o)
                              c:/nxp/mcuxpressoide_11.2.0_4120/ide/plugins/com.nxp.mcuxpresso.tools.win32_11.2.0.202001021529/tools/bin/../lib/gcc/arm-none-eabi/9.2.1/../../../../arm-none-eabi/lib/thumb/v6-m/nofp\libcr_c.a(__fillbuf.o) (_Csys_alloc)
c:/nxp/mcuxpressoide_11.2.0_4120/ide/plugins/com.nxp.mcuxpresso.tools.win32_11.2.0.202001021529/tools/bin/../lib/gcc/arm-none-eabi/9.2.1/../../../../arm-none-eabi/lib/thumb/v6-m/nofp\libcr_c.a(atan2.o)
                              ./source/accelerometer.o (atan2)
c:/nxp/mcuxpressoide_11.2.0_4120/ide/plugins/com.nxp.mcuxpresso.tools.win32_11.2.0.202001021529/tools/bin/../lib/gcc/arm-none-eabi/9.2.1/../../../../arm-none-eabi/lib/thumb/v6-m/nofp\libcr_c.a(errno.o)
                              c:/nxp/mcuxpressoide_11.2.0_4120/ide/plugins/com.nxp.mcuxpresso.tools.win32_11.2.0.202001021529/tools/bin/../lib/gcc/arm-none-eabi/9.2.1/../../../../arm-none-eabi/lib/thumb/v6-m/nofp\libcr_c.a(atan2.o) (errno)
c:/nxp/mcuxpressoide_11.2.0_4120/ide/plugins/com.nxp.mcuxpresso.tools.win32_11.2.0.202001021529/tools/bin/../lib/gcc/arm-none-eabi/9.2.1/../../../../arm-none-eabi/lib/thumb/v6-m/nofp\libcr_c.a(fabs.o)
                              c:/nxp/mcuxpressoide_11.2.0_4120/ide/plugins/com.nxp.mcuxpresso.tools.win32_11.2.0.202001021529/tools/bin/../lib/gcc/arm-none-eabi/9.2.1/../../../../arm-none-eabi/lib/thumb/v6-m/nofp\libcr_c.a(atan2.o) (fabs)
c:/nxp/mcuxpressoide_11.2.0_4120/ide/plugins/com.nxp.mcuxpresso.tools.win32_11.2.0.202001021529/tools/bin/../lib/gcc/arm-none-eabi/9.2.1/../../../../arm-none-eabi/lib/thumb/v6-m/nofp\libcr_c.a(fseek.o)
                              c:/nxp/mcuxpressoide_11.2.0_4120/ide/plugins/com.nxp.mcuxpresso.tools.win32_11.2.0.202001021529/tools/bin/../lib/gcc/arm-none-eabi/9.2.1/../../../../arm-none-eabi/lib/thumb/v6-m/nofp\libcr_c.a(_deferredlazyseek.o) (fseek)
[...]
Memory Configuration

Name             Origin             Length             Attributes
PROGRAM_FLASH    0x00000000         0x00020000         xr
SRAM             0x1ffff000         0x00004000         xrw
*default*        0x00000000         0xffffffff

Linker script and memory map

LOAD ./utilities/fsl_debug_console.o
LOAD ./startup/startup_mkl25z4.o
LOAD ./source/Final_Project.o
LOAD ./source/accelerometer.o
LOAD ./source/audio_out.o
LOAD ./source/cbfifo.o
LOAD ./source/gpio_interrupt.o
LOAD ./source/i2c.o
LOAD ./source/led.o
LOAD ./source/mtb.o
LOAD ./source/semihost_hardfault.o
LOAD ./source/sine.o
LOAD ./source/sysclock.o
LOAD ./source/uart.o
LOAD ./drivers/fsl_clock.o
LOAD ./drivers/fsl_common.o
LOAD ./drivers/fsl_flash.o
LOAD ./drivers/fsl_gpio.o
LOAD ./drivers/fsl_lpsci.o
LOAD ./drivers/fsl_smc.o
LOAD ./drivers/fsl_uart.o
LOAD ./board/board.o
LOAD ./board/clock_config.o
LOAD ./board/peripherals.o
LOAD ./board/pin_mux.o
LOAD ./CMSIS/system_MKL25Z4.o
START GROUP
LOAD c:/nxp/mcuxpressoide_11.2.0_4120/ide/plugins/com.nxp.mcuxpresso.tools.win32_11.2.0.202001021529/tools/bin/../lib/gcc/arm-none-eabi/9.2.1/../../../../arm-none-eabi/lib/thumb/v6-m/nofp\libcr_nohost_nf.a
LOAD c:/nxp/mcuxpressoide_11.2.0_4120/ide/plugins/com.nxp.mcuxpresso.tools.win32_11.2.0.202001021529/tools/bin/../lib/gcc/arm-none-eabi/9.2.1/../../../../arm-none-eabi/lib/thumb/v6-m/nofp\libcr_c.a
LOAD c:/nxp/mcuxpressoide_11.2.0_4120/ide/plugins/com.nxp.mcuxpresso.tools.win32_11.2.0.202001021529/tools/bin/../lib/gcc/arm-none-eabi/9.2.1/thumb/v6-m/nofp\libcr_eabihelpers.a
LOAD c:/nxp/mcuxpressoide_11.2.0_4120/ide/plugins/com.nxp.mcuxpresso.tools.win32_11.2.0.202001021529/tools/bin/../lib/gcc/arm-none-eabi/9.2.1/thumb/v6-m/nofp\libgcc.a
END GROUP
                0x00000000                __base_PROGRAM_FLASH = 0x0
                0x00000000                __base_Flash = 0x0
                0x00020000                __top_PROGRAM_FLASH = 0x20000
                0x00020000                __top_Flash = 0x20000
                0x1ffff000                __base_SRAM = 0x1ffff000
                0x1ffff000                __base_RAM = 0x1ffff000
                0x20003000                __top_SRAM = 0x20003000
                0x20003000                __top_RAM = 0x20003000

.text           0x00000000     0x5f94
 FILL mask 0xff
                0x00000000                __vectors_start__ = ABSOLUTE (.)
 *(SORT_BY_ALIGNMENT(.isr_vector))
 .isr_vector    0x00000000       0xc0 ./startup/startup_mkl25z4.o
                0x00000000                g_pfnVectors
                0x00000000                __Vectors
                0x000000c0                . = ALIGN (0x4)
                0x000000c0                __section_table_start = .
                0x000000c0                __data_section_table = .
                0x000000c0        0x4 LONG 0x5f94 LOADADDR (.data)
                0x000000c4        0x4 LONG 0x1ffff080 ADDR (.data)
                0x000000c8        0x4 LONG 0x8 SIZEOF (.data)
                0x000000cc                __data_section_table_end = .
                0x000000cc                __bss_section_table = .
                0x000000cc        0x4 LONG 0x1ffff088 ADDR (.bss)
                0x000000d0        0x4 LONG 0xb18 SIZEOF (.bss)
                0x000000d4                __bss_section_table_end = .
                0x000000d4                __section_table_end = .
 *(SORT_BY_ALIGNMENT(.after_vectors*))
 .after_vectors.reset
                0x000000d4       0x4c ./startup/startup_mkl25z4.o
                0x000000d4                ResetISR
 .after_vectors.init_data
                0x00000120       0x12 ./startup/startup_mkl25z4.o
                0x00000120                data_init
 .after_vectors.init_bss
                0x00000132       0x10 ./startup/startup_mkl25z4.o
                0x00000132                bss_init
 .after_vectors
                0x00000142      0x10c ./startup/startup_mkl25z4.o
                0x00000142                NMI_Handler
                0x00000146                SVC_Handler
                0x00000148                PendSV_Handler
                0x0000014a                SysTick_Handler
                0x0000014c                LPTMR0_DriverIRQHandler
                0x0000014c                Reserved39_DriverIRQHandler
                0x0000014c                DMA0_DriverIRQHandler
                0x0000014c                SPI1_DriverIRQHandler
                0x0000014c                I2C0_DriverIRQHandler
                0x0000014c                PORTD_DriverIRQHandler
                0x0000014c                DMA2_DriverIRQHandler
                0x0000014c                CMP0_DriverIRQHandler
                0x0000014c                TPM2_DriverIRQHandler
                0x0000014c                ADC0_DriverIRQHandler
                0x0000014c                SPI0_DriverIRQHandler
                0x0000014c                TSI0_DriverIRQHandler
                0x0000014c                RTC_Seconds_DriverIRQHandler
                0x0000014c                I2C1_DriverIRQHandler
                0x0000014c                LLWU_DriverIRQHandler
                0x0000014c                MCG_DriverIRQHandler
                0x0000014c                DMA1_DriverIRQHandler
                0x0000014c                PIT_DriverIRQHandler
                0x0000014c                RTC_DriverIRQHandler
                0x0000014c                FTFA_DriverIRQHandler
                0x0000014c                IntDefaultHandler
                0x0000014c                USB0_DriverIRQHandler
                0x0000014c                DAC0_DriverIRQHandler
                0x0000014c                TPM1_DriverIRQHandler
                0x0000014c                LVD_LVW_DriverIRQHandler
                0x0000014c                TPM0_DriverIRQHandler
                0x0000014c                PORTA_DriverIRQHandler
                0x0000014c                DMA3_DriverIRQHandler
                0x0000014c                Reserved20_DriverIRQHandler
                0x0000014c                Reserved45_DriverIRQHandler
                0x00000156                DMA1_IRQHandler
                0x0000015e                DMA2_IRQHandler
                0x00000166                DMA3_IRQHandler
                0x0000016e                Reserved20_IRQHandler
                0x00000176                FTFA_IRQHandler
                0x0000017e                LVD_LVW_IRQHandler
                0x00000186                LLWU_IRQHandler
                0x0000018e                I2C0_IRQHandler
                0x00000196                I2C1_IRQHandler
                0x0000019e                SPI0_IRQHandler
                0x000001a6                SPI1_IRQHandler
                0x000001b6                UART1_IRQHandler
                0x000001be                UART2_IRQHandler
                0x000001c6                ADC0_IRQHandler
                0x000001ce                CMP0_IRQHandler
                0x000001d6                TPM0_IRQHandler
                0x000001de                TPM1_IRQHandler
                0x000001e6                TPM2_IRQHandler
                0x000001ee                RTC_IRQHandler
                0x000001f6                RTC_Seconds_IRQHandler
                0x000001fe                PIT_IRQHandler
                0x00000206                Reserved39_IRQHandler
                0x0000020e                USB0_IRQHandler
                0x00000216                DAC0_IRQHandler
                0x0000021e                TSI0_IRQHandler
                0x00000226                MCG_IRQHandler
                0x0000022e                LPTMR0_IRQHandler
                0x00000236                Reserved45_IRQHandler
                0x00000246                PORTD_IRQHandler
                0x00000400                . = 0x400
 *fill*         0x0000024e      0x1b2 ff
                0x00000400                PROVIDE (__FLASH_CONFIG_START__ = .)
 *(SORT_BY_ALIGNMENT(.FlashConfig))
 .FlashConfig   0x00000400       0x10 ./startup/startup_mkl25z4.o
                0x00000400                Flash_Config
                0x00000410                PROVIDE (__FLASH_CONFIG_END__ = .)
                0x00000001                ASSERT (! ((__FLASH_CONFIG_START__ == __FLASH_CONFIG_END__)), Linker Flash Config Support Enabled, but no .FlashConfig section provided within application)
 *(SORT_BY_ALIGNMENT(.text*))
 .text.DbgConsole_Init
                0x00000410       0xf4 ./utilities/fsl_debug_console.o
                0x00000410                DbgConsole_Init
 .text.DbgConsole_Printf
                0x00000504       0x44 ./utilities/fsl_debug_console.o
                0x00000504                DbgConsole_Printf
 .text.DbgConsole_Putchar
                0x00000548       0x34 ./utilities/fsl_debug_console.o
                0x00000548                DbgConsole_Putchar
 .text.delay    0x0000057c       0x30 ./source/Final_Project.o
                0x0000057c                delay
 .text.tilt_measurement
                0x000005ac      0x1fc ./source/Final_Project.o
                0x000005ac                tilt_measurement
 .text.main     0x000007a8       0x78 ./source/Final_Project.o
                0x000007a8                main
 .text.init_mma
                0x00000820       0x24 ./source/accelerometer.o
                0x00000820                init_mma
 .text.i2c_test
                0x00000844       0x24 ./source/accelerometer.o
                0x00000844                i2c_test
 .text.read_roll_angle
                0x00000868      0x108 ./source/accelerometer.o
                0x00000868                read_roll_angle
 .text.NVIC_EnableIRQ
                0x00000970       0x2c ./source/audio_out.o
 .text.NVIC_ClearPendingIRQ
                0x0000099c       0x30 ./source/audio_out.o
 .text.NVIC_SetPriority
                0x000009cc       0xdc ./source/audio_out.o
 .text.tone_to_samples
                0x00000aa8       0xbc ./source/audio_out.o
                0x00000aa8                tone_to_samples
 .text.init_DAC0
                0x00000b64       0x6c ./source/audio_out.o
                0x00000b64                init_DAC0
 .text.init_TPM0
                0x00000bd0       0x5c ./source/audio_out.o
                0x00000bd0                init_TPM0
 .text.init_DMA0
                0x00000c2c       0x70 ./source/audio_out.o
                0x00000c2c                init_DMA0
 .text.start_DMA0_transfer
                0x00000c9c       0x74 ./source/audio_out.o
                0x00000c9c                start_DMA0_transfer
 .text.DMA0_IRQHandler
                0x00000d10       0x28 ./source/audio_out.o
                0x00000d10                DMA0_IRQHandler
 .text.generate_dma_buffer
                0x00000d38       0x4c ./source/audio_out.o
                0x00000d38                generate_dma_buffer
 .text.NVIC_EnableIRQ
                0x00000d84       0x2c ./source/gpio_interrupt.o
 .text.NVIC_DisableIRQ
                0x00000db0       0x30 ./source/gpio_interrupt.o
 .text.NVIC_ClearPendingIRQ
                0x00000de0       0x30 ./source/gpio_interrupt.o
 .text.init_gpio_interrupt
                0x00000e10       0x4c ./source/gpio_interrupt.o
                0x00000e10                init_gpio_interrupt
 .text.PORTA_IRQHandler
                0x00000e5c       0x5c ./source/gpio_interrupt.o
                0x00000e5c                PORTA_IRQHandler
 .text.i2c_init
                0x00000eb8       0x84 ./source/i2c.o
                0x00000eb8                i2c_init
 .text.i2c_busy
                0x00000f3c      0x174 ./source/i2c.o
                0x00000f3c                i2c_busy
 .text.i2c_wait
                0x000010b0       0x6c ./source/i2c.o
                0x000010b0                i2c_wait
 .text.i2c_start
                0x0000111c       0x30 ./source/i2c.o
                0x0000111c                i2c_start
 .text.i2c_read_setup
                0x0000114c       0x68 ./source/i2c.o
                0x0000114c                i2c_read_setup
 .text.i2c_repeated_read
                0x000011b4       0x80 ./source/i2c.o
                0x000011b4                i2c_repeated_read
 .text.i2c_read_byte
                0x00001234       0xc4 ./source/i2c.o
                0x00001234                i2c_read_byte
 .text.i2c_write_byte
                0x000012f8       0x80 ./source/i2c.o
                0x000012f8                i2c_write_byte
 .text.led_init
                0x00001378      0x108 ./source/led.o
                0x00001378                led_init
 .text.control_RGB_led
                0x00001480       0x84 ./source/led.o
                0x00001480                control_RGB_led
 .text.HardFault_Handler
                0x00001504       0x30 ./source/semihost_hardfault.o
                0x00001504                HardFault_Handler
 .text.fp_sin   0x00001534       0xdc ./source/sine.o
                0x00001534                fp_sin
 .text.sysclock_init
                0x00001610       0x78 ./source/sysclock.o
                0x00001610                sysclock_init
 .text.NVIC_EnableIRQ
                0x00001688       0x2c ./source/uart.o
 .text.NVIC_ClearPendingIRQ
                0x000016b4       0x30 ./source/uart.o
 .text.NVIC_SetPriority
                0x000016e4       0xdc ./source/uart.o
 .text.Init_Uart0
                0x000017c0      0x178 ./source/uart.o
                0x000017c0                Init_Uart0
 .text.UART0_IRQHandler
                0x00001938       0xc4 ./source/uart.o
                0x00001938                UART0_IRQHandler
 .text.__sys_write
                0x000019fc       0x74 ./source/uart.o
                0x000019fc                __sys_write
 .text.__sys_readc
                0x00001a70       0x3c ./source/uart.o
                0x00001a70                __sys_readc
 .text.get_deci_input
                0x00001aac      0x1b8 ./source/uart.o
                0x00001aac                get_deci_input
 .text.CLOCK_SetEr32kClock
                0x00001c64       0x34 ./drivers/fsl_clock.o
 .text.CLOCK_SetPllFllSelClock
                0x00001c98       0x38 ./drivers/fsl_clock.o
 .text.CLOCK_GetMcgExtClkFreq
                0x00001cd0       0x28 ./drivers/fsl_clock.o
 .text.CLOCK_GetFllExtRefClkFreq
                0x00001cf8       0xa8 ./drivers/fsl_clock.o
 .text.CLOCK_GetFllRefClkFreq
                0x00001da0       0x2c ./drivers/fsl_clock.o
 .text.CLOCK_GetOscRangeFromFreq
                0x00001dcc       0x4c ./drivers/fsl_clock.o
 .text.CLOCK_GetPllFllSelClkFreq
                0x00001e18       0x4c ./drivers/fsl_clock.o
                0x00001e18                CLOCK_GetPllFllSelClkFreq
 .text.CLOCK_SetSimConfig
                0x00001e64       0x38 ./drivers/fsl_clock.o
                0x00001e64                CLOCK_SetSimConfig
 .text.CLOCK_GetFllFreq
                0x00001e9c       0x84 ./drivers/fsl_clock.o
                0x00001e9c                CLOCK_GetFllFreq
 .text.CLOCK_GetPll0Freq
                0x00001f20       0x70 ./drivers/fsl_clock.o
                0x00001f20                CLOCK_GetPll0Freq
 .text.CLOCK_SetInternalRefClkConfig
                0x00001f90      0x124 ./drivers/fsl_clock.o
                0x00001f90                CLOCK_SetInternalRefClkConfig
 .text.CLOCK_EnablePll0
                0x000020b4       0x94 ./drivers/fsl_clock.o
                0x000020b4                CLOCK_EnablePll0
 .text.CLOCK_InitOsc0
                0x00002148       0x94 ./drivers/fsl_clock.o
                0x00002148                CLOCK_InitOsc0
 .text.CLOCK_SetPbeMode
                0x000021dc       0xb0 ./drivers/fsl_clock.o
                0x000021dc                CLOCK_SetPbeMode
 .text.CLOCK_BootToPeeMode
                0x0000228c       0x70 ./drivers/fsl_clock.o
                0x0000228c                CLOCK_BootToPeeMode
 .text.__assertion_failed
                0x000022fc       0x1c ./drivers/fsl_common.o
                0x000022fc                __assertion_failed
 .text.CLOCK_EnableClock
                0x00002318       0x34 ./drivers/fsl_lpsci.o
 .text.LPSCI_GetInstance
                0x0000234c       0x48 ./drivers/fsl_lpsci.o
                0x0000234c                LPSCI_GetInstance
 .text.LPSCI_Init
                0x00002394      0x258 ./drivers/fsl_lpsci.o
                0x00002394                LPSCI_Init
 .text.LPSCI_GetDefaultConfig
                0x000025ec       0x44 ./drivers/fsl_lpsci.o
                0x000025ec                LPSCI_GetDefaultConfig
 .text.LPSCI_ClearStatusFlags
                0x00002630       0x94 ./drivers/fsl_lpsci.o
                0x00002630                LPSCI_ClearStatusFlags
 .text.LPSCI_WriteBlocking
                0x000026c4       0x4c ./drivers/fsl_lpsci.o
                0x000026c4                LPSCI_WriteBlocking
 .text.LPSCI_ReadBlocking
                0x00002710       0xc0 ./drivers/fsl_lpsci.o
                0x00002710                LPSCI_ReadBlocking
 .text.UART0_DriverIRQHandler
                0x000027d0       0x24 ./drivers/fsl_lpsci.o
                0x000027d0                UART0_DriverIRQHandler
 .text.CLOCK_EnableClock
                0x000027f4       0x34 ./drivers/fsl_uart.o
 .text.UART_GetInstance
                0x00002828       0x54 ./drivers/fsl_uart.o
                0x00002828                UART_GetInstance
 .text.UART_Init
                0x0000287c      0x1e0 ./drivers/fsl_uart.o
                0x0000287c                UART_Init
 .text.UART_GetDefaultConfig
                0x00002a5c       0x44 ./drivers/fsl_uart.o
                0x00002a5c                UART_GetDefaultConfig
 .text.UART_ReadBlocking
                0x00002aa0       0x98 ./drivers/fsl_uart.o
                0x00002aa0                UART_ReadBlocking
 .text.UART1_DriverIRQHandler
                0x00002b38       0x24 ./drivers/fsl_uart.o
                0x00002b38                UART1_DriverIRQHandler
 .text.UART2_DriverIRQHandler
                0x00002b5c       0x24 ./drivers/fsl_uart.o
                0x00002b5c                UART2_DriverIRQHandler
 .text.CLOCK_SetLpsci0Clock
                0x00002b80       0x38 ./board/board.o
 .text.BOARD_InitDebugConsole
                0x00002bb8       0x30 ./board/board.o
                0x00002bb8                BOARD_InitDebugConsole
 .text.CLOCK_SetSimSafeDivs
                0x00002be8       0x20 ./board/clock_config.o
 .text.CLOCK_SetXtal0Freq
                0x00002c08       0x1c ./board/clock_config.o
 .text.CLOCK_CONFIG_SetFllExtRefDiv
                0x00002c24       0x3c ./board/clock_config.o
 .text.BOARD_BootClockRUN
                0x00002c60       0x64 ./board/clock_config.o
                0x00002c60                BOARD_BootClockRUN
 .text.CLOCK_EnableClock
                0x00002cc4       0x34 ./board/pin_mux.o
 .text.PORT_SetPinMux
                0x00002cf8       0x40 ./board/pin_mux.o
 .text.BOARD_InitPins
                0x00002d38       0x4c ./board/pin_mux.o
                0x00002d38                BOARD_InitPins
 .text.SystemInit
                0x00002d84       0x18 ./CMSIS/system_MKL25Z4.o
                0x00002d84                SystemInit
 .text.__filbuf
                0x00002d9c      0x188 c:/nxp/mcuxpressoide_11.2.0_4120/ide/plugins/com.nxp.mcuxpresso.tools.win32_11.2.0.202001021529/tools/bin/../lib/gcc/arm-none-eabi/9.2.1/../../../../arm-none-eabi/lib/thumb/v6-m/nofp\libcr_c.a(__fillbuf.o)
                0x00002d9c                __filbuf
 .text._deferredlazyseek
                0x00002f24       0x40 c:/nxp/mcuxpressoide_11.2.0_4120/ide/plugins/com.nxp.mcuxpresso.tools.win32_11.2.0.202001021529/tools/bin/../lib/gcc/arm-none-eabi/9.2.1/../../../../arm-none-eabi/lib/thumb/v6-m/nofp\libcr_c.a(_deferredlazyseek.o)
                0x00002f24                _deferredlazyseek
 .text.__flsbuf
                0x00002f64      0x150 c:/nxp/mcuxpressoide_11.2.0_4120/ide/plugins/com.nxp.mcuxpresso.tools.win32_11.2.0.202001021529/tools/bin/../lib/gcc/arm-none-eabi/9.2.1/../../../../arm-none-eabi/lib/thumb/v6-m/nofp\libcr_c.a(_deferredlazyseek.o)
                0x00002f64                __flsbuf
 .text._fflush  0x000030b4       0x60 c:/nxp/mcuxpressoide_11.2.0_4120/ide/plugins/com.nxp.mcuxpresso.tools.win32_11.2.0.202001021529/tools/bin/../lib/gcc/arm-none-eabi/9.2.1/../../../../arm-none-eabi/lib/thumb/v6-m/nofp\libcr_c.a(_fflush.o)
                0x000030b4                _fflush
 .text._Cwritebuf
                0x00003114       0x68 c:/nxp/mcuxpressoide_11.2.0_4120/ide/plugins/com.nxp.mcuxpresso.tools.win32_11.2.0.202001021529/tools/bin/../lib/gcc/arm-none-eabi/9.2.1/../../../../arm-none-eabi/lib/thumb/v6-m/nofp\libcr_c.a(_writebuf.o)
                0x00003114                _Cwritebuf
 .text.malloc   0x0000317c       0xd0 c:/nxp/mcuxpressoide_11.2.0_4120/ide/plugins/com.nxp.mcuxpresso.tools.win32_11.2.0.202001021529/tools/bin/../lib/gcc/arm-none-eabi/9.2.1/../../../../arm-none-eabi/lib/thumb/v6-m/nofp\libcr_c.a(alloc.o)
                0x0000317c                malloc
 .text._Csys_alloc
                0x0000324c       0x20 c:/nxp/mcuxpressoide_11.2.0_4120/ide/plugins/com.nxp.mcuxpresso.tools.win32_11.2.0.202001021529/tools/bin/../lib/gcc/arm-none-eabi/9.2.1/../../../../arm-none-eabi/lib/thumb/v6-m/nofp\libcr_c.a(alloc.o)
                0x0000324c                _Csys_alloc
 .text.atan2    0x0000326c      0x108 c:/nxp/mcuxpressoide_11.2.0_4120/ide/plugins/com.nxp.mcuxpresso.tools.win32_11.2.0.202001021529/tools/bin/../lib/gcc/arm-none-eabi/9.2.1/../../../../arm-none-eabi/lib/thumb/v6-m/nofp\libcr_c.a(atan2.o)
                0x0000326c                atan2
 .text.fseek    0x00003374       0xf4 c:/nxp/mcuxpressoide_11.2.0_4120/ide/plugins/com.nxp.mcuxpresso.tools.win32_11.2.0.202001021529/tools/bin/../lib/gcc/arm-none-eabi/9.2.1/../../../../arm-none-eabi/lib/thumb/v6-m/nofp\libcr_c.a(fseek.o)
                0x00003374                fseek
 .text.ftell    0x00003468       0x48 c:/nxp/mcuxpressoide_11.2.0_4120/ide/plugins/com.nxp.mcuxpresso.tools.win32_11.2.0.202001021529/tools/bin/../lib/gcc/arm-none-eabi/9.2.1/../../../../arm-none-eabi/lib/thumb/v6-m/nofp\libcr_c.a(ftell.o)
                0x00003468                ftell
 .text._initio  0x000034b0       0x7c c:/nxp/mcuxpressoide_11.2.0_4120/ide/plugins/com.nxp.mcuxpresso.tools.win32_11.2.0.202001021529/tools/bin/../lib/gcc/arm-none-eabi/9.2.1/../../../../arm-none-eabi/lib/thumb/v6-m/nofp\libcr_c.a(initio.o)
                0x000034b0                _initio
 .text.__vfprintf
                0x0000352c      0xd40 c:/nxp/mcuxpressoide_11.2.0_4120/ide/plugins/com.nxp.mcuxpresso.tools.win32_11.2.0.202001021529/tools/bin/../lib/gcc/arm-none-eabi/9.2.1/../../../../arm-none-eabi/lib/thumb/v6-m/nofp\libcr_c.a(printf.o)
                0x0000352c                __vfprintf
 .text._vsnprintf
                0x0000426c       0x70 c:/nxp/mcuxpressoide_11.2.0_4120/ide/plugins/com.nxp.mcuxpresso.tools.win32_11.2.0.202001021529/tools/bin/../lib/gcc/arm-none-eabi/9.2.1/../../../../arm-none-eabi/lib/thumb/v6-m/nofp\libcr_c.a(printf.o)
                0x0000426c                _vsnprintf
 .text._printf  0x000042dc       0x50 c:/nxp/mcuxpressoide_11.2.0_4120/ide/plugins/com.nxp.mcuxpresso.tools.win32_11.2.0.202001021529/tools/bin/../lib/gcc/arm-none-eabi/9.2.1/../../../../arm-none-eabi/lib/thumb/v6-m/nofp\libcr_c.a(printf.o)
                0x000042dc                _printf
 .text.setvbuf  0x0000432c       0x4c c:/nxp/mcuxpressoide_11.2.0_4120/ide/plugins/com.nxp.mcuxpresso.tools.win32_11.2.0.202001021529/tools/bin/../lib/gcc/arm-none-eabi/9.2.1/../../../../arm-none-eabi/lib/thumb/v6-m/nofp\libcr_c.a(setvbuf.o)
                0x0000432c                setvbuf
 .text.strlen   0x00004378       0x58 c:/nxp/mcuxpressoide_11.2.0_4120/ide/plugins/com.nxp.mcuxpresso.tools.win32_11.2.0.202001021529/tools/bin/../lib/gcc/arm-none-eabi/9.2.1/../../../../arm-none-eabi/lib/thumb/v6-m/nofp\libcr_c.a(strlen.o)
                0x00004378                strlen
 .text._sbrk    0x000043d0       0x44 c:/nxp/mcuxpressoide_11.2.0_4120/ide/plugins/com.nxp.mcuxpresso.tools.win32_11.2.0.202001021529/tools/bin/../lib/gcc/arm-none-eabi/9.2.1/../../../../arm-none-eabi/lib/thumb/v6-m/nofp\libcr_c.a(_cr_sbrk.o)
                0x000043d0                _sbrk
 .text._fdopen  0x00004414       0x74 c:/nxp/mcuxpressoide_11.2.0_4120/ide/plugins/com.nxp.mcuxpresso.tools.win32_11.2.0.202001021529/tools/bin/../lib/gcc/arm-none-eabi/9.2.1/../../../../arm-none-eabi/lib/thumb/v6-m/nofp\libcr_c.a(_fdopen.o)
                0x00004414                _fdopen
 .text.atan     0x00004488      0x204 c:/nxp/mcuxpressoide_11.2.0_4120/ide/plugins/com.nxp.mcuxpresso.tools.win32_11.2.0.202001021529/tools/bin/../lib/gcc/arm-none-eabi/9.2.1/../../../../arm-none-eabi/lib/thumb/v6-m/nofp\libcr_c.a(atan.o)
                0x00004488                atan
 .text.fclose   0x0000468c       0x5c c:/nxp/mcuxpressoide_11.2.0_4120/ide/plugins/com.nxp.mcuxpresso.tools.win32_11.2.0.202001021529/tools/bin/../lib/gcc/arm-none-eabi/9.2.1/../../../../arm-none-eabi/lib/thumb/v6-m/nofp\libcr_c.a(fclose.o)
                0x0000468c                fclose
 .text.fflush   0x000046e8       0x44 c:/nxp/mcuxpressoide_11.2.0_4120/ide/plugins/com.nxp.mcuxpresso.tools.win32_11.2.0.202001021529/tools/bin/../lib/gcc/arm-none-eabi/9.2.1/../../../../arm-none-eabi/lib/thumb/v6-m/nofp\libcr_c.a(fflush.o)
                0x000046e8                fflush
 .text.__check_heap_overflow
                0x0000472c       0x14 c:/nxp/mcuxpressoide_11.2.0_4120/ide/plugins/com.nxp.mcuxpresso.tools.win32_11.2.0.202001021529/tools/bin/../lib/gcc/arm-none-eabi/9.2.1/../../../../arm-none-eabi/lib/thumb/v6-m/nofp\libcr_c.a(_cr_check_heap.o)
                0x0000472c                __check_heap_overflow
 .text._do_fflush
                0x00004740       0x48 c:/nxp/mcuxpressoide_11.2.0_4120/ide/plugins/com.nxp.mcuxpresso.tools.win32_11.2.0.202001021529/tools/bin/../lib/gcc/arm-none-eabi/9.2.1/../../../../arm-none-eabi/lib/thumb/v6-m/nofp\libcr_c.a(_do_fflush.o)
                0x00004740                _do_fflush
 .text.__aeabi_dmul
                0x00004788      0x184 c:/nxp/mcuxpressoide_11.2.0_4120/ide/plugins/com.nxp.mcuxpresso.tools.win32_11.2.0.202001021529/tools/bin/../lib/gcc/arm-none-eabi/9.2.1/thumb/v6-m/nofp\libcr_eabihelpers.a(double.o)
                0x00004788                __aeabi_dmul
 .text.__aeabi_ddiv
                0x0000490c      0x150 c:/nxp/mcuxpressoide_11.2.0_4120/ide/plugins/com.nxp.mcuxpresso.tools.win32_11.2.0.202001021529/tools/bin/../lib/gcc/arm-none-eabi/9.2.1/thumb/v6-m/nofp\libcr_eabihelpers.a(double.o)
                0x0000490c                __aeabi_ddiv
 .text.__aeabi_dsub
                0x00004a5c      0x1e4 c:/nxp/mcuxpressoide_11.2.0_4120/ide/plugins/com.nxp.mcuxpresso.tools.win32_11.2.0.202001021529/tools/bin/../lib/gcc/arm-none-eabi/9.2.1/thumb/v6-m/nofp\libcr_eabihelpers.a(double.o)
                0x00004a5c                __aeabi_dsub
 .text.__aeabi_dadd
                0x00004c40      0x134 c:/nxp/mcuxpressoide_11.2.0_4120/ide/plugins/com.nxp.mcuxpresso.tools.win32_11.2.0.202001021529/tools/bin/../lib/gcc/arm-none-eabi/9.2.1/thumb/v6-m/nofp\libcr_eabihelpers.a(double.o)
                0x00004c40                __aeabi_dadd
 .text.__aeabi_d2iz
                0x00004d74       0x50 c:/nxp/mcuxpressoide_11.2.0_4120/ide/plugins/com.nxp.mcuxpresso.tools.win32_11.2.0.202001021529/tools/bin/../lib/gcc/arm-none-eabi/9.2.1/thumb/v6-m/nofp\libcr_eabihelpers.a(double.o)
                0x00004d74                __aeabi_d2iz
 .text.__aeabi_d2uiz
                0x00004dc4       0x38 c:/nxp/mcuxpressoide_11.2.0_4120/ide/plugins/com.nxp.mcuxpresso.tools.win32_11.2.0.202001021529/tools/bin/../lib/gcc/arm-none-eabi/9.2.1/thumb/v6-m/nofp\libcr_eabihelpers.a(double.o)
                0x00004dc4                __aeabi_d2uiz
 .text.__aeabi_dcmpeq
                0x00004dfc       0x30 c:/nxp/mcuxpressoide_11.2.0_4120/ide/plugins/com.nxp.mcuxpresso.tools.win32_11.2.0.202001021529/tools/bin/../lib/gcc/arm-none-eabi/9.2.1/thumb/v6-m/nofp\libcr_eabihelpers.a(double.o)
                0x00004dfc                __aeabi_dcmpeq
 .text.__aeabi_dcmplt
                0x00004e2c       0x60 c:/nxp/mcuxpressoide_11.2.0_4120/ide/plugins/com.nxp.mcuxpresso.tools.win32_11.2.0.202001021529/tools/bin/../lib/gcc/arm-none-eabi/9.2.1/thumb/v6-m/nofp\libcr_eabihelpers.a(double.o)
                0x00004e2c                __aeabi_dcmplt
 .text.__aeabi_dcmpgt
                0x00004e8c       0x5c c:/nxp/mcuxpressoide_11.2.0_4120/ide/plugins/com.nxp.mcuxpresso.tools.win32_11.2.0.202001021529/tools/bin/../lib/gcc/arm-none-eabi/9.2.1/thumb/v6-m/nofp\libcr_eabihelpers.a(double.o)
                0x00004e8c                __aeabi_dcmpgt
 .text.UART_EnableTx
                0x00004ee8       0x40 ./utilities/fsl_debug_console.o
 .text.UART_EnableRx
                0x00004f28       0x40 ./utilities/fsl_debug_console.o
 .text.LPSCI_EnableTx
                0x00004f68       0x40 ./utilities/fsl_debug_console.o
 .text.LPSCI_EnableRx
                0x00004fa8       0x40 ./utilities/fsl_debug_console.o
 .text.DbgConsole_PrintfPaddingCharacter
                0x00004fe8       0x48 ./utilities/fsl_debug_console.o
 .text.DbgConsole_ConvertRadixNumToString
                0x00005030      0x114 ./utilities/fsl_debug_console.o
 .text.DbgConsole_PrintfFormattedData
                0x00005144      0x33a ./utilities/fsl_debug_console.o
 .text.cbfifo_init
                0x0000547e       0x4c ./source/cbfifo.o
                0x0000547e                cbfifo_init
 .text.cbfifo_enqueue
                0x000054ca       0xce ./source/cbfifo.o
                0x000054ca                cbfifo_enqueue
 .text.cbfifo_dequeue
                0x00005598       0xc6 ./source/cbfifo.o
                0x00005598                cbfifo_dequeue
 .text.cbfifo_capacity
                0x0000565e       0x14 ./source/cbfifo.o
                0x0000565e                cbfifo_capacity
 .text.cbfifo_length
                0x00005672       0x18 ./source/cbfifo.o
                0x00005672                cbfifo_length
 .text.interpolate
                0x0000568a       0x4c ./source/sine.o
                0x0000568a                interpolate
 .text.OSC_SetExtRefClkConfig
                0x000056d6       0x3e ./drivers/fsl_clock.o
 .text.OSC_SetCapLoad
                0x00005714       0x42 ./drivers/fsl_clock.o
 .text.CLOCK_GetPll0RefFreq
                0x00005756       0x10 ./drivers/fsl_clock.o
 .text.CLOCK_SetExternalRefClkConfig
                0x00005766       0x16 ./drivers/fsl_clock.o
                0x00005766                CLOCK_SetExternalRefClkConfig
 .text.LPSCI_GetStatusFlags
                0x0000577c       0x26 ./drivers/fsl_lpsci.o
                0x0000577c                LPSCI_GetStatusFlags
 .text.UART_GetStatusFlags
                0x000057a2       0x26 ./drivers/fsl_uart.o
                0x000057a2                UART_GetStatusFlags
 .text.UART_WriteBlocking
                0x000057c8       0x3c ./drivers/fsl_uart.o
                0x000057c8                UART_WriteBlocking
 .text.BOARD_InitBootClocks
                0x00005804        0xe ./board/clock_config.o
                0x00005804                BOARD_InitBootClocks
 .text.BOARD_InitBootPeripherals
                0x00005812        0xa ./board/peripherals.o
                0x00005812                BOARD_InitBootPeripherals
 .text.BOARD_InitBootPins
                0x0000581c        0xe ./board/pin_mux.o
                0x0000581c                BOARD_InitBootPins
 .text.__main   0x0000582a        0xc c:/nxp/mcuxpressoide_11.2.0_4120/ide/plugins/com.nxp.mcuxpresso.tools.win32_11.2.0.202001021529/tools/bin/../lib/gcc/arm-none-eabi/9.2.1/../../../../arm-none-eabi/lib/thumb/v6-m/nofp\libcr_nohost_nf.a(_cr__main.o)
                0x0000582a                __main
 .text.memcpy   0x00005836        0x8 c:/nxp/mcuxpressoide_11.2.0_4120/ide/plugins/com.nxp.mcuxpresso.tools.win32_11.2.0.202001021529/tools/bin/../lib/gcc/arm-none-eabi/9.2.1/../../../../arm-none-eabi/lib/thumb/v6-m/nofp\libcr_c.a(memcpy.o)
                0x00005836                memcpy
 .text.memset   0x0000583e        0x8 c:/nxp/mcuxpressoide_11.2.0_4120/ide/plugins/com.nxp.mcuxpresso.tools.win32_11.2.0.202001021529/tools/bin/../lib/gcc/arm-none-eabi/9.2.1/../../../../arm-none-eabi/lib/thumb/v6-m/nofp\libcr_c.a(memset.o)
                0x0000583e                memset
 .text._Csys_read_
                0x00005846       0x24 c:/nxp/mcuxpressoide_11.2.0_4120/ide/plugins/com.nxp.mcuxpresso.tools.win32_11.2.0.202001021529/tools/bin/../lib/gcc/arm-none-eabi/9.2.1/../../../../arm-none-eabi/lib/thumb/v6-m/nofp\libcr_c.a(__fillbuf.o)
                0x00005846                _Csys_read_
 .text.free     0x0000586a       0x2c c:/nxp/mcuxpressoide_11.2.0_4120/ide/plugins/com.nxp.mcuxpresso.tools.win32_11.2.0.202001021529/tools/bin/../lib/gcc/arm-none-eabi/9.2.1/../../../../arm-none-eabi/lib/thumb/v6-m/nofp\libcr_c.a(alloc.o)
                0x0000586a                free
 .text.fabs     0x00005896       0x22 c:/nxp/mcuxpressoide_11.2.0_4120/ide/plugins/com.nxp.mcuxpresso.tools.win32_11.2.0.202001021529/tools/bin/../lib/gcc/arm-none-eabi/9.2.1/../../../../arm-none-eabi/lib/thumb/v6-m/nofp\libcr_c.a(fabs.o)
                0x00005896                fabs
 .text.no_fp_display
                0x000058b8        0x4 c:/nxp/mcuxpressoide_11.2.0_4120/ide/plugins/com.nxp.mcuxpresso.tools.win32_11.2.0.202001021529/tools/bin/../lib/gcc/arm-none-eabi/9.2.1/../../../../arm-none-eabi/lib/thumb/v6-m/nofp\libcr_c.a(printf.o)
 .text.remove   0x000058bc       0x12 c:/nxp/mcuxpressoide_11.2.0_4120/ide/plugins/com.nxp.mcuxpresso.tools.win32_11.2.0.202001021529/tools/bin/../lib/gcc/arm-none-eabi/9.2.1/../../../../arm-none-eabi/lib/thumb/v6-m/nofp\libcr_c.a(remove.o)
                0x000058bc                remove
 .text.__aeabi_division_idivmod
                0x000058ce       0x78 c:/nxp/mcuxpressoide_11.2.0_4120/ide/plugins/com.nxp.mcuxpresso.tools.win32_11.2.0.202001021529/tools/bin/../lib/gcc/arm-none-eabi/9.2.1/thumb/v6-m/nofp\libcr_eabihelpers.a(division_32.o)
                0x000058ce                __aeabi_idivmod
                0x000058ce                __aeabi_idiv
                0x000058d4                __aeabi_uidivmod
                0x000058d4                __aeabi_uidiv
 .text.__aeabi_division_idiv0
                0x00005946        0x2 c:/nxp/mcuxpressoide_11.2.0_4120/ide/plugins/com.nxp.mcuxpresso.tools.win32_11.2.0.202001021529/tools/bin/../lib/gcc/arm-none-eabi/9.2.1/thumb/v6-m/nofp\libcr_eabihelpers.a(division_idiv0.o)
                0x00005946                __aeabi_idiv0
 .text.__bhs_ui2d
                0x00005948       0x5e c:/nxp/mcuxpressoide_11.2.0_4120/ide/plugins/com.nxp.mcuxpresso.tools.win32_11.2.0.202001021529/tools/bin/../lib/gcc/arm-none-eabi/9.2.1/thumb/v6-m/nofp\libcr_eabihelpers.a(double.o)
                0x00005948                __bhs_ui2d
 .text.__aeabi_i2d
                0x000059a6       0x18 c:/nxp/mcuxpressoide_11.2.0_4120/ide/plugins/com.nxp.mcuxpresso.tools.win32_11.2.0.202001021529/tools/bin/../lib/gcc/arm-none-eabi/9.2.1/thumb/v6-m/nofp\libcr_eabihelpers.a(double.o)
                0x000059a6                __aeabi_i2d
 .text.__aeabi_ui2d
                0x000059be        0xc c:/nxp/mcuxpressoide_11.2.0_4120/ide/plugins/com.nxp.mcuxpresso.tools.win32_11.2.0.202001021529/tools/bin/../lib/gcc/arm-none-eabi/9.2.1/thumb/v6-m/nofp\libcr_eabihelpers.a(double.o)
                0x000059be                __aeabi_ui2d
 .text.__aeabi_llong_lmul
                0x000059ca       0x2e c:/nxp/mcuxpressoide_11.2.0_4120/ide/plugins/com.nxp.mcuxpresso.tools.win32_11.2.0.202001021529/tools/bin/../lib/gcc/arm-none-eabi/9.2.1/thumb/v6-m/nofp\libcr_eabihelpers.a(llong.o)
                0x000059ca                __aeabi_lmul
 .text.__aeabi_memcpy
                0x000059f8       0x2c c:/nxp/mcuxpressoide_11.2.0_4120/ide/plugins/com.nxp.mcuxpresso.tools.win32_11.2.0.202001021529/tools/bin/../lib/gcc/arm-none-eabi/9.2.1/thumb/v6-m/nofp\libcr_eabihelpers.a(memcpy.o)
                0x000059f8                __aeabi_memcpy4
                0x000059f8                __aeabi_memcpy8
                0x000059f8                __aeabi_memcpy
 .text.__aeabi_memset_lowlevel
                0x00005a24       0x2a c:/nxp/mcuxpressoide_11.2.0_4120/ide/plugins/com.nxp.mcuxpresso.tools.win32_11.2.0.202001021529/tools/bin/../lib/gcc/arm-none-eabi/9.2.1/thumb/v6-m/nofp\libcr_eabihelpers.a(memcpy.o)
                0x00005a24                __aeabi_lowlevel_memset
 .text.__gnu_thumb1_case_shi
                0x00005a4e       0x10 c:/nxp/mcuxpressoide_11.2.0_4120/ide/plugins/com.nxp.mcuxpresso.tools.win32_11.2.0.202001021529/tools/bin/../lib/gcc/arm-none-eabi/9.2.1/thumb/v6-m/nofp\libcr_eabihelpers.a(thumb1_switch_helpers.o)
                0x00005a4e                __gnu_thumb1_case_shi
 .text.__sys_appexit
                0x00005a5e        0x2 c:/nxp/mcuxpressoide_11.2.0_4120/ide/plugins/com.nxp.mcuxpresso.tools.win32_11.2.0.202001021529/tools/bin/../lib/gcc/arm-none-eabi/9.2.1/../../../../arm-none-eabi/lib/thumb/v6-m/nofp\libcr_nohost_nf.a(__sys_appexit.o)
                0x00005a5e                __sys_appexit
                0x00005a5e                __exit
 .text.__sys_close
                0x00005a60        0x6 c:/nxp/mcuxpressoide_11.2.0_4120/ide/plugins/com.nxp.mcuxpresso.tools.win32_11.2.0.202001021529/tools/bin/../lib/gcc/arm-none-eabi/9.2.1/../../../../arm-none-eabi/lib/thumb/v6-m/nofp\libcr_nohost_nf.a(__sys_close.o)
                0x00005a60                __sys_close
 .text.__sys_flen
                0x00005a66        0x6 c:/nxp/mcuxpressoide_11.2.0_4120/ide/plugins/com.nxp.mcuxpresso.tools.win32_11.2.0.202001021529/tools/bin/../lib/gcc/arm-none-eabi/9.2.1/../../../../arm-none-eabi/lib/thumb/v6-m/nofp\libcr_nohost_nf.a(__sys_flen.o)
                0x00005a66                __sys_flen
 .text.__sys_istty
                0x00005a6c        0x6 c:/nxp/mcuxpressoide_11.2.0_4120/ide/plugins/com.nxp.mcuxpresso.tools.win32_11.2.0.202001021529/tools/bin/../lib/gcc/arm-none-eabi/9.2.1/../../../../arm-none-eabi/lib/thumb/v6-m/nofp\libcr_nohost_nf.a(__sys_istty.o)
                0x00005a6c                __sys_istty
 .text.__sys_read
                0x00005a72        0x4 c:/nxp/mcuxpressoide_11.2.0_4120/ide/plugins/com.nxp.mcuxpresso.tools.win32_11.2.0.202001021529/tools/bin/../lib/gcc/arm-none-eabi/9.2.1/../../../../arm-none-eabi/lib/thumb/v6-m/nofp\libcr_nohost_nf.a(__sys_read.o)
                0x00005a72                __sys_read
 .text.__sys_remove
                0x00005a76        0x6 c:/nxp/mcuxpressoide_11.2.0_4120/ide/plugins/com.nxp.mcuxpresso.tools.win32_11.2.0.202001021529/tools/bin/../lib/gcc/arm-none-eabi/9.2.1/../../../../arm-none-eabi/lib/thumb/v6-m/nofp\libcr_nohost_nf.a(__sys_remove.o)
                0x00005a76                __sys_remove
 .text.__sys_seek
                0x00005a7c        0x6 c:/nxp/mcuxpressoide_11.2.0_4120/ide/plugins/com.nxp.mcuxpresso.tools.win32_11.2.0.202001021529/tools/bin/../lib/gcc/arm-none-eabi/9.2.1/../../../../arm-none-eabi/lib/thumb/v6-m/nofp\libcr_nohost_nf.a(__sys_seek.o)
                0x00005a7c                __sys_seek
 .text.__sys_tmpnam
                0x00005a82        0x6 c:/nxp/mcuxpressoide_11.2.0_4120/ide/plugins/com.nxp.mcuxpresso.tools.win32_11.2.0.202001021529/tools/bin/../lib/gcc/arm-none-eabi/9.2.1/../../../../arm-none-eabi/lib/thumb/v6-m/nofp\libcr_nohost_nf.a(__sys_tmpnam.o)
                0x00005a82                __sys_tmpnam
 *(SORT_BY_ALIGNMENT(.rodata) SORT_BY_ALIGNMENT(.rodata.*) SORT_BY_ALIGNMENT(.constdata) SORT_BY_ALIGNMENT(.constdata.*))
 .rodata.a.3949
                0x00005a88       0x20 c:/nxp/mcuxpressoide_11.2.0_4120/ide/plugins/com.nxp.mcuxpresso.tools.win32_11.2.0.202001021529/tools/bin/../lib/gcc/arm-none-eabi/9.2.1/../../../../arm-none-eabi/lib/thumb/v6-m/nofp\libcr_c.a(atan.o)
 .rodata.tilt_measurement.str1.4
                0x00005aa8      0x121 ./source/Final_Project.o
                                0x125 (size before relaxing)
 *fill*         0x00005bc9        0x3 ff
 .rodata        0x00005bcc       0x10 ./source/Final_Project.o
 .rodata.main.str1.4
                0x00005bdc       0x70 ./source/Final_Project.o
 .rodata.init_mma.str1.4
                0x00005c4c       0x12 ./source/accelerometer.o
 *fill*         0x00005c5e        0x2 ff
 .rodata.i2c_test.str1.4
                0x00005c60       0x13 ./source/accelerometer.o
 *fill*         0x00005c73        0x1 ff
 .rodata.init_gpio_interrupt.str1.4
                0x00005c74       0x19 ./source/gpio_interrupt.o
 *fill*         0x00005c8d        0x3 ff
 .rodata.led_init.str1.4
                0x00005c90       0x20 ./source/led.o
 .rodata.sin_lookup
                0x00005cb0       0x42 ./source/sine.o
 .rodata.get_deci_input.str1.4
                0x00005cf2        0x3 ./source/uart.o
 *fill*         0x00005cf2        0x2 ff
 .rodata.CLOCK_GetMcgExtClkFreq.str1.4
                0x00005cf4       0x1f ./drivers/fsl_clock.o
 *fill*         0x00005d13        0x1 ff
 .rodata.CLOCK_GetPll0Freq.str1.4
                0x00005d14       0x1e ./drivers/fsl_clock.o
 *fill*         0x00005d32        0x2 ff
 .rodata.CLOCK_EnablePll0.str1.4
                0x00005d34       0x1a ./drivers/fsl_clock.o
 *fill*         0x00005d4e        0x2 ff
 .rodata.CLOCK_SetPbeMode.str1.4
                0x00005d50       0x1b ./drivers/fsl_clock.o
 *fill*         0x00005d6b        0x1 ff
 .rodata.CLOCK_BootToPeeMode.str1.4
                0x00005d6c       0x1b ./drivers/fsl_clock.o
 *fill*         0x00005d87        0x1 ff
 .rodata.fllFactorTable.5210
                0x00005d88       0x10 ./drivers/fsl_clock.o
 .rodata.__assertion_failed.str1.4
                0x00005d98        0x4 ./drivers/fsl_common.o
 .rodata.LPSCI_GetInstance.str1.4
                0x00005d9c       0x37 ./drivers/fsl_lpsci.o
 *fill*         0x00005dd3        0x1 ff
 .rodata.LPSCI_Init.str1.4
                0x00005dd4       0x44 ./drivers/fsl_lpsci.o
 .rodata.LPSCI_GetDefaultConfig.str1.4
                0x00005e18       0x1a ./drivers/fsl_lpsci.o
 *fill*         0x00005e32        0x2 ff
 .rodata.LPSCI_WriteBlocking.str1.4
                0x00005e34       0x18 ./drivers/fsl_lpsci.o
 .rodata.LPSCI_ReadBlocking.str1.4
                0x00005e4c       0x18 ./drivers/fsl_lpsci.o
 .rodata.s_uartBases
                0x00005e64        0xc ./drivers/fsl_uart.o
 .rodata.s_uartClock
                0x00005e70        0xc ./drivers/fsl_uart.o
 .rodata.UART_GetInstance.str1.4
                0x00005e7c       0x2c ./drivers/fsl_uart.o
 .rodata.UART_Init.str1.4
                0x00005ea8       0x43 ./drivers/fsl_uart.o
 *fill*         0x00005eeb        0x1 ff
 .rodata.UART_GetDefaultConfig.str1.4
                0x00005eec       0x19 ./drivers/fsl_uart.o
 *fill*         0x00005f05        0x3 ff
 .rodata.UART_ReadBlocking.str1.4
                0x00005f08       0x17 ./drivers/fsl_uart.o
 *fill*         0x00005f1f        0x1 ff
 .rodata.mcgConfig_BOARD_BootClockRUN
                0x00005f20        0xa ./board/clock_config.o
                0x00005f20                mcgConfig_BOARD_BootClockRUN
 *fill*         0x00005f2a        0x2 ff
 .rodata.simConfig_BOARD_BootClockRUN
                0x00005f2c        0x8 ./board/clock_config.o
                0x00005f2c                simConfig_BOARD_BootClockRUN
 .rodata.oscConfig_BOARD_BootClockRUN
                0x00005f34        0x8 ./board/clock_config.o
                0x00005f34                oscConfig_BOARD_BootClockRUN
 .rodata.__num_Ciob_streams
                0x00005f3c        0x4 c:/nxp/mcuxpressoide_11.2.0_4120/ide/plugins/com.nxp.mcuxpresso.tools.win32_11.2.0.202001021529/tools/bin/../lib/gcc/arm-none-eabi/9.2.1/../../../../arm-none-eabi/lib/thumb/v6-m/nofp\libcr_nohost_nf.a(__ciob.o)
                0x00005f3c                __num_Ciob_streams
 .rodata._Csys_alloc.str1.1
                0x00005f40       0x18 c:/nxp/mcuxpressoide_11.2.0_4120/ide/plugins/com.nxp.mcuxpresso.tools.win32_11.2.0.202001021529/tools/bin/../lib/gcc/arm-none-eabi/9.2.1/../../../../arm-none-eabi/lib/thumb/v6-m/nofp\libcr_c.a(alloc.o)
 .rodata._initio.str1.1
                0x00005f58        0x4 c:/nxp/mcuxpressoide_11.2.0_4120/ide/plugins/com.nxp.mcuxpresso.tools.win32_11.2.0.202001021529/tools/bin/../lib/gcc/arm-none-eabi/9.2.1/../../../../arm-none-eabi/lib/thumb/v6-m/nofp\libcr_c.a(initio.o)
 .rodata.__vfprintf.str1.1
                0x00005f5c       0x37 c:/nxp/mcuxpressoide_11.2.0_4120/ide/plugins/com.nxp.mcuxpresso.tools.win32_11.2.0.202001021529/tools/bin/../lib/gcc/arm-none-eabi/9.2.1/../../../../arm-none-eabi/lib/thumb/v6-m/nofp\libcr_c.a(printf.o)
                                 0x38 (size before relaxing)
                0x00005f94                . = ALIGN (0x4)
 *fill*         0x00005f93        0x1 ff

.glue_7         0x00005f94        0x0
 .glue_7        0x00005f94        0x0 linker stubs

.glue_7t        0x00005f94        0x0
 .glue_7t       0x00005f94        0x0 linker stubs

.vfp11_veneer   0x00005f94        0x0
 .vfp11_veneer  0x00005f94        0x0 linker stubs

.v4_bx          0x00005f94        0x0
 .v4_bx         0x00005f94        0x0 linker stubs

.iplt           0x00005f94        0x0
 .iplt          0x00005f94        0x0 ./utilities/fsl_debug_console.o

.rel.dyn        0x00005f94        0x0
 .rel.iplt      0x00005f94        0x0 ./utilities/fsl_debug_console.o

.ARM.extab
 *(SORT_BY_ALIGNMENT(.ARM.extab*) SORT_BY_ALIGNMENT(.gnu.linkonce.armextab.*))

.ARM.exidx      0x00005f94        0x0
                0x00005f94                __exidx_start = .
 *(SORT_BY_ALIGNMENT(.ARM.exidx*) SORT_BY_ALIGNMENT(.gnu.linkonce.armexidx.*))
                0x00005f94                __exidx_end = .
                0x00005f94                _etext = .

.m_usb_data
 *(SORT_BY_ALIGNMENT(m_usb_bdt))

.mtb_buffer_default
                0x1ffff000       0x80
 *(SORT_BY_ALIGNMENT(.mtb*))
 .mtb.$RAM1     0x1ffff000       0x80 ./source/mtb.o
                0x1ffff000                __mtb_buffer__

.uninit_RESERVED
                0x1ffff080        0x0
                0x1ffff080                _start_uninit_RESERVED = .
 *(SORT_BY_ALIGNMENT(.bss.$RESERVED*))
                0x1ffff080                . = ALIGN (0x4)
                0x1ffff080                _end_uninit_RESERVED = .

.data           0x1ffff080        0x8 load address 0x00005f94
 FILL mask 0xff
                0x1ffff080                _data = .
                [!provide]                PROVIDE (__start_data_RAM = .)
                [!provide]                PROVIDE (__start_data_SRAM = .)
 *(SORT_BY_ALIGNMENT(vtable))
 *(SORT_BY_ALIGNMENT(.ramfunc*))
 *(SORT_BY_ALIGNMENT(CodeQuickAccess))
 *(SORT_BY_ALIGNMENT(DataQuickAccess))
 *(SORT_BY_ALIGNMENT(RamFunction))
 *(SORT_BY_ALIGNMENT(.data*))
 .data.s_slowIrcFreq
                0x1ffff080        0x4 ./drivers/fsl_clock.o
 .data.SystemCoreClock
                0x1ffff084        0x4 ./CMSIS/system_MKL25Z4.o
                0x1ffff084                SystemCoreClock
                0x1ffff088                . = ALIGN (0x4)
                0x1ffff088                _edata = .
                [!provide]                PROVIDE (__end_data_RAM = .)
                [!provide]                PROVIDE (__end_data_SRAM = .)

.igot.plt       0x1ffff088        0x0 load address 0x00005f9c
 .igot.plt      0x1ffff088        0x0 ./utilities/fsl_debug_console.o

.bss            0x1ffff088      0xb18
                0x1ffff088                _bss = .
                [!provide]                PROVIDE (__start_bss_RAM = .)
                [!provide]                PROVIDE (__start_bss_SRAM = .)
 *(SORT_BY_ALIGNMENT(.bss*))
 .bss.s_debugConsole
                0x1ffff088       0x10 ./utilities/fsl_debug_console.o
 .bss.dma_buffer
                0x1ffff098      0x800 ./source/audio_out.o
 .bss.dma_byte_count
                0x1ffff898        0x4 ./source/audio_out.o
 .bss.reference_angle
                0x1ffff89c        0x4 ./source/gpio_interrupt.o
                0x1ffff89c                reference_angle
 .bss.reference_angle_flag
                0x1ffff8a0        0x4 ./source/gpio_interrupt.o
                0x1ffff8a0                reference_angle_flag
 .bss.lock_detect
                0x1ffff8a4        0x4 ./source/i2c.o
                0x1ffff8a4                lock_detect
 .bss.lock_i2c  0x1ffff8a8        0x4 ./source/i2c.o
                0x1ffff8a8                lock_i2c
 .bss.receive_cbfifo
                0x1ffff8ac      0x10c ./source/uart.o
                0x1ffff8ac                receive_cbfifo
 .bss.transmit_cbfifo
                0x1ffff9b8      0x10c ./source/uart.o
                0x1ffff9b8                transmit_cbfifo
 .bss.g_xtal0Freq
                0x1ffffac4        0x4 ./drivers/fsl_clock.o
                0x1ffffac4                g_xtal0Freq
 .bss.s_lpsciHandle
                0x1ffffac8        0x4 ./drivers/fsl_lpsci.o
 .bss.s_lpsciIsr
                0x1ffffacc        0x4 ./drivers/fsl_lpsci.o
 .bss.s_uartHandle
                0x1ffffad0        0xc ./drivers/fsl_uart.o
 .bss.s_uartIsr
                0x1ffffadc        0x4 ./drivers/fsl_uart.o
 .bss.__Ciob    0x1ffffae0       0xb4 c:/nxp/mcuxpressoide_11.2.0_4120/ide/plugins/com.nxp.mcuxpresso.tools.win32_11.2.0.202001021529/tools/bin/../lib/gcc/arm-none-eabi/9.2.1/../../../../arm-none-eabi/lib/thumb/v6-m/nofp\libcr_nohost_nf.a(__ciob.o)
                0x1ffffae0                __Ciob
 .bss.errno     0x1ffffb94        0x4 c:/nxp/mcuxpressoide_11.2.0_4120/ide/plugins/com.nxp.mcuxpresso.tools.win32_11.2.0.202001021529/tools/bin/../lib/gcc/arm-none-eabi/9.2.1/../../../../arm-none-eabi/lib/thumb/v6-m/nofp\libcr_c.a(errno.o)
                0x1ffffb94                errno
 .bss.__end_of_heap
                0x1ffffb98        0x4 c:/nxp/mcuxpressoide_11.2.0_4120/ide/plugins/com.nxp.mcuxpresso.tools.win32_11.2.0.202001021529/tools/bin/../lib/gcc/arm-none-eabi/9.2.1/../../../../arm-none-eabi/lib/thumb/v6-m/nofp\libcr_c.a(__init_alloc.o)
                0x1ffffb98                __end_of_heap
 .bss.__heaps   0x1ffffb9c        0x4 c:/nxp/mcuxpressoide_11.2.0_4120/ide/plugins/com.nxp.mcuxpresso.tools.win32_11.2.0.202001021529/tools/bin/../lib/gcc/arm-none-eabi/9.2.1/../../../../arm-none-eabi/lib/thumb/v6-m/nofp\libcr_c.a(__init_alloc.o)
                0x1ffffb9c                __heaps
 *(SORT_BY_ALIGNMENT(COMMON))
                0x1ffffba0                . = ALIGN (0x4)
                0x1ffffba0                _ebss = .
                [!provide]                PROVIDE (__end_bss_RAM = .)
                [!provide]                PROVIDE (__end_bss_SRAM = .)
                [!provide]                PROVIDE (end = .)

.noinit         0x1ffffba0        0x0
                0x1ffffba0                _noinit = .
                [!provide]                PROVIDE (__start_noinit_RAM = .)
                [!provide]                PROVIDE (__start_noinit_SRAM = .)
 *(SORT_BY_ALIGNMENT(.noinit*))
                0x1ffffba0                . = ALIGN (0x4)
                0x1ffffba0                _end_noinit = .
                [!provide]                PROVIDE (__end_noinit_RAM = .)
                [!provide]                PROVIDE (__end_noinit_SRAM = .)
                0x00000400                _HeapSize = 0x400

.heap           0x1ffffba0      0x400
                0x1ffffba0                _pvHeapStart = .
                0x1fffffa0                . = (. + _HeapSize)
 *fill*         0x1ffffba0      0x400 
                0x1fffffa0                . = ALIGN (0x4)
                0x1fffffa0                _pvHeapLimit = .
                0x00000400                _StackSize = 0x400

.heap2stackfill
                0x1fffffa0      0x400
                0x200003a0                . = (. + _StackSize)
 *fill*         0x1fffffa0      0x400 

.stack          0x20002c00        0x0
                0x20002c00                _vStackBase = .
                0x20002c00                . = ALIGN (0x4)
                0x20003000                _vStackTop = (. + _StackSize)
                0x00000000                _image_start = LOADADDR (.text)
                0x00005f9c                _image_end = (LOADADDR (.data) + SIZEOF (.data))
                0x00005f9c                _image_size = (_image_end - _image_start)
OUTPUT(Final_Project.axf elf32-littlearm)

.debug_info     0x00000000     0xb3a4
 .debug_info    0x00000000      0xe72 ./utilities/fsl_debug_console.o
 .debug_info    0x00000e72      0x4df ./startup/startup_mkl25z4.o
 .debug_info    0x00001351      0x70c ./source/Final_Project.o
 .debug_info    0x00001a5d      0x2c3 ./source/accelerometer.o
 .debug_info    0x00001d20      0xd30 ./source/audio_out.o
 .debug_info    0x00002a50      0x3d3 ./source/cbfifo.o
 .debug_info    0x00002e23      0x8cd ./source/gpio_interrupt.o
 .debug_info    0x000036f0      0x575 ./source/i2c.o
 .debug_info    0x00003c65      0x528 ./source/led.o
 .debug_info    0x0000418d       0x53 ./source/mtb.o
 .debug_info    0x000041e0       0x3c ./source/semihost_hardfault.o
 .debug_info    0x0000421c      0x207 ./source/sine.o
 .debug_info    0x00004423      0x1e4 ./source/sysclock.o
 .debug_info    0x00004607      0xa3d ./source/uart.o
 .debug_info    0x00005044     0x1a97 ./drivers/fsl_clock.o
 .debug_info    0x00006adb      0x444 ./drivers/fsl_common.o
 .debug_info    0x00006f1f     0x1469 ./drivers/fsl_lpsci.o
 .debug_info    0x00008388     0x140a ./drivers/fsl_uart.o
 .debug_info    0x00009792      0x6fa ./board/board.o
 .debug_info    0x00009e8c      0xb00 ./board/clock_config.o
 .debug_info    0x0000a98c       0x3c ./board/peripherals.o
 .debug_info    0x0000a9c8      0x5a3 ./board/pin_mux.o
 .debug_info    0x0000af6b      0x439 ./CMSIS/system_MKL25Z4.o

.debug_abbrev   0x00000000     0x289e
 .debug_abbrev  0x00000000      0x2d7 ./utilities/fsl_debug_console.o
 .debug_abbrev  0x000002d7      0x18d ./startup/startup_mkl25z4.o
 .debug_abbrev  0x00000464      0x1b4 ./source/Final_Project.o
 .debug_abbrev  0x00000618      0x11f ./source/accelerometer.o
 .debug_abbrev  0x00000737      0x286 ./source/audio_out.o
 .debug_abbrev  0x000009bd      0x201 ./source/cbfifo.o
 .debug_abbrev  0x00000bbe      0x1f8 ./source/gpio_interrupt.o
 .debug_abbrev  0x00000db6      0x1b4 ./source/i2c.o
 .debug_abbrev  0x00000f6a      0x167 ./source/led.o
 .debug_abbrev  0x000010d1       0x46 ./source/mtb.o
 .debug_abbrev  0x00001117       0x31 ./source/semihost_hardfault.o
 .debug_abbrev  0x00001148       0xfd ./source/sine.o
 .debug_abbrev  0x00001245       0xef ./source/sysclock.o
 .debug_abbrev  0x00001334      0x273 ./source/uart.o
 .debug_abbrev  0x000015a7      0x36f ./drivers/fsl_clock.o
 .debug_abbrev  0x00001916      0x275 ./drivers/fsl_common.o
 .debug_abbrev  0x00001b8b      0x309 ./drivers/fsl_lpsci.o
 .debug_abbrev  0x00001e94      0x323 ./drivers/fsl_uart.o
 .debug_abbrev  0x000021b7      0x185 ./board/board.o
 .debug_abbrev  0x0000233c      0x220 ./board/clock_config.o
 .debug_abbrev  0x0000255c       0x31 ./board/peripherals.o
 .debug_abbrev  0x0000258d      0x1bb ./board/pin_mux.o
 .debug_abbrev  0x00002748      0x156 ./CMSIS/system_MKL25Z4.o

.debug_aranges  0x00000000      0x9e8
 .debug_aranges
                0x00000000       0x90 ./utilities/fsl_debug_console.o
 .debug_aranges
                0x00000090      0x160 ./startup/startup_mkl25z4.o
 .debug_aranges
                0x000001f0       0x30 ./source/Final_Project.o
 .debug_aranges
                0x00000220       0x30 ./source/accelerometer.o
 .debug_aranges
                0x00000250       0x68 ./source/audio_out.o
 .debug_aranges
                0x000002b8       0x40 ./source/cbfifo.o
 .debug_aranges
                0x000002f8       0x40 ./source/gpio_interrupt.o
 .debug_aranges
                0x00000338       0x58 ./source/i2c.o
 .debug_aranges
                0x00000390       0x28 ./source/led.o
 .debug_aranges
                0x000003b8       0x18 ./source/mtb.o
 .debug_aranges
                0x000003d0       0x20 ./source/semihost_hardfault.o
 .debug_aranges
                0x000003f0       0x28 ./source/sine.o
 .debug_aranges
                0x00000418       0x20 ./source/sysclock.o
 .debug_aranges
                0x00000438       0x58 ./source/uart.o
 .debug_aranges
                0x00000490      0x1d8 ./drivers/fsl_clock.o
 .debug_aranges
                0x00000668       0x38 ./drivers/fsl_common.o
 .debug_aranges
                0x000006a0      0x118 ./drivers/fsl_lpsci.o
 .debug_aranges
                0x000007b8      0x130 ./drivers/fsl_uart.o
 .debug_aranges
                0x000008e8       0x28 ./board/board.o
 .debug_aranges
                0x00000910       0x58 ./board/clock_config.o
 .debug_aranges
                0x00000968       0x20 ./board/peripherals.o
 .debug_aranges
                0x00000988       0x38 ./board/pin_mux.o
 .debug_aranges
                0x000009c0       0x28 ./CMSIS/system_MKL25Z4.o

.debug_ranges   0x00000000      0x8a0
 .debug_ranges  0x00000000       0x80 ./utilities/fsl_debug_console.o
 .debug_ranges  0x00000080      0x150 ./startup/startup_mkl25z4.o
 .debug_ranges  0x000001d0       0x20 ./source/Final_Project.o
 .debug_ranges  0x000001f0       0x20 ./source/accelerometer.o
 .debug_ranges  0x00000210       0x58 ./source/audio_out.o
 .debug_ranges  0x00000268       0x60 ./source/cbfifo.o
 .debug_ranges  0x000002c8       0x30 ./source/gpio_interrupt.o
 .debug_ranges  0x000002f8       0x48 ./source/i2c.o
 .debug_ranges  0x00000340       0x18 ./source/led.o
 .debug_ranges  0x00000358       0x10 ./source/semihost_hardfault.o
 .debug_ranges  0x00000368       0x18 ./source/sine.o
 .debug_ranges  0x00000380       0x10 ./source/sysclock.o
 .debug_ranges  0x00000390       0x48 ./source/uart.o
 .debug_ranges  0x000003d8      0x1c8 ./drivers/fsl_clock.o
 .debug_ranges  0x000005a0       0x28 ./drivers/fsl_common.o
 .debug_ranges  0x000005c8      0x108 ./drivers/fsl_lpsci.o
 .debug_ranges  0x000006d0      0x120 ./drivers/fsl_uart.o
 .debug_ranges  0x000007f0       0x18 ./board/board.o
 .debug_ranges  0x00000808       0x48 ./board/clock_config.o
 .debug_ranges  0x00000850       0x10 ./board/peripherals.o
 .debug_ranges  0x00000860       0x28 ./board/pin_mux.o
 .debug_ranges  0x00000888       0x18 ./CMSIS/system_MKL25Z4.o

.debug_macro    0x00000000     0xe858
 .debug_macro   0x00000000      0x127 ./utilities/fsl_debug_console.o
 .debug_macro   0x00000127      0xab4 ./utilities/fsl_debug_console.o
 .debug_macro   0x00000bdb       0x10 ./utilities/fsl_debug_console.o
 .debug_macro   0x00000beb       0x16 ./utilities/fsl_debug_console.o
 .debug_macro   0x00000c01       0x10 ./utilities/fsl_debug_console.o
 .debug_macro   0x00000c11      0x12e ./utilities/fsl_debug_console.o
 .debug_macro   0x00000d3f       0x28 ./utilities/fsl_debug_console.o
 .debug_macro   0x00000d67       0xc4 ./utilities/fsl_debug_console.o
 .debug_macro   0x00000e2b       0x16 ./utilities/fsl_debug_console.o
 .debug_macro   0x00000e41       0x22 ./utilities/fsl_debug_console.o
 .debug_macro   0x00000e63      0x5b3 ./utilities/fsl_debug_console.o
 .debug_macro   0x00001416       0x10 ./utilities/fsl_debug_console.o
 .debug_macro   0x00001426       0x3f ./utilities/fsl_debug_console.o
 .debug_macro   0x00001465       0x3a ./utilities/fsl_debug_console.o
 .debug_macro   0x0000149f       0x26 ./utilities/fsl_debug_console.o
 .debug_macro   0x000014c5      0x329 ./utilities/fsl_debug_console.o
 .debug_macro   0x000017ee       0x30 ./utilities/fsl_debug_console.o
 .debug_macro   0x0000181e     0x51e2 ./utilities/fsl_debug_console.o
 .debug_macro   0x00006a00     0x1352 ./utilities/fsl_debug_console.o
 .debug_macro   0x00007d52       0x3a ./utilities/fsl_debug_console.o
 .debug_macro   0x00007d8c       0xf4 ./utilities/fsl_debug_console.o
 .debug_macro   0x00007e80       0x35 ./utilities/fsl_debug_console.o
 .debug_macro   0x00007eb5       0x2e ./utilities/fsl_debug_console.o
 .debug_macro   0x00007ee3       0x10 ./utilities/fsl_debug_console.o
 .debug_macro   0x00007ef3       0x10 ./utilities/fsl_debug_console.o
 .debug_macro   0x00007f03       0x29 ./startup/startup_mkl25z4.o
 .debug_macro   0x00007f2c      0x1b3 ./source/Final_Project.o
 .debug_macro   0x000080df       0xd8 ./source/Final_Project.o
 .debug_macro   0x000081b7       0x16 ./source/Final_Project.o
 .debug_macro   0x000081cd       0x10 ./source/Final_Project.o
 .debug_macro   0x000081dd      0x112 ./source/Final_Project.o
 .debug_macro   0x000082ef       0x34 ./source/Final_Project.o
 .debug_macro   0x00008323       0x46 ./source/Final_Project.o
 .debug_macro   0x00008369       0x34 ./source/Final_Project.o
 .debug_macro   0x0000839d       0x10 ./source/Final_Project.o
 .debug_macro   0x000083ad       0x10 ./source/Final_Project.o
 .debug_macro   0x000083bd      0x135 ./source/accelerometer.o
 .debug_macro   0x000084f2       0x3f ./source/accelerometer.o
 .debug_macro   0x00008531       0x34 ./source/accelerometer.o
 .debug_macro   0x00008565     0x51e2 ./source/accelerometer.o
 .debug_macro   0x0000d747       0xd2 ./source/accelerometer.o
 .debug_macro   0x0000d819      0x135 ./source/audio_out.o
 .debug_macro   0x0000d94e       0x22 ./source/audio_out.o
 .debug_macro   0x0000d970       0xa5 ./source/cbfifo.o
 .debug_macro   0x0000da15      0x12d ./source/gpio_interrupt.o
 .debug_macro   0x0000db42       0x91 ./source/i2c.o
 .debug_macro   0x0000dbd3       0xe9 ./source/led.o
 .debug_macro   0x0000dcbc       0x2f ./source/mtb.o
 .debug_macro   0x0000dceb       0x82 ./source/mtb.o
 .debug_macro   0x0000dd6d       0x10 ./source/mtb.o
 .debug_macro   0x0000dd7d       0x11 ./source/semihost_hardfault.o
 .debug_macro   0x0000dd8e       0x9d ./source/sine.o
 .debug_macro   0x0000de2b       0x91 ./source/sysclock.o
 .debug_macro   0x0000debc      0x100 ./source/uart.o
 .debug_macro   0x0000dfbc       0x22 ./source/uart.o
 .debug_macro   0x0000dfde      0x196 ./drivers/fsl_clock.o
 .debug_macro   0x0000e174       0x1c ./drivers/fsl_clock.o
 .debug_macro   0x0000e190       0xef ./drivers/fsl_common.o
 .debug_macro   0x0000e27f       0xec ./drivers/fsl_lpsci.o
 .debug_macro   0x0000e36b       0xf2 ./drivers/fsl_uart.o
 .debug_macro   0x0000e45d      0x112 ./board/board.o
 .debug_macro   0x0000e56f      0x123 ./board/clock_config.o
 .debug_macro   0x0000e692       0x1b ./board/peripherals.o
 .debug_macro   0x0000e6ad      0x107 ./board/pin_mux.o
 .debug_macro   0x0000e7b4       0x10 ./board/pin_mux.o
 .debug_macro   0x0000e7c4       0x94 ./CMSIS/system_MKL25Z4.o

.debug_line     0x00000000     0x78e5
 .debug_line    0x00000000      0xc96 ./utilities/fsl_debug_console.o
 .debug_line    0x00000c96      0x1e7 ./startup/startup_mkl25z4.o
 .debug_line    0x00000e7d      0x559 ./source/Final_Project.o
 .debug_line    0x000013d6      0x47d ./source/accelerometer.o
 .debug_line    0x00001853      0x5a2 ./source/audio_out.o
 .debug_line    0x00001df5      0x3e9 ./source/cbfifo.o
 .debug_line    0x000021de      0x44d ./source/gpio_interrupt.o
 .debug_line    0x0000262b      0x3d2 ./source/i2c.o
 .debug_line    0x000029fd      0x288 ./source/led.o
 .debug_line    0x00002c85       0xd1 ./source/mtb.o
 .debug_line    0x00002d56       0x59 ./source/semihost_hardfault.o
 .debug_line    0x00002daf      0x2b0 ./source/sine.o
 .debug_line    0x0000305f      0x247 ./source/sysclock.o
 .debug_line    0x000032a6      0x53d ./source/uart.o
 .debug_line    0x000037e3     0x1301 ./drivers/fsl_clock.o
 .debug_line    0x00004ae4      0x447 ./drivers/fsl_common.o
 .debug_line    0x00004f2b      0xd7a ./drivers/fsl_lpsci.o
 .debug_line    0x00005ca5      0xd69 ./drivers/fsl_uart.o
 .debug_line    0x00006a0e      0x3bb ./board/board.o
 .debug_line    0x00006dc9      0x403 ./board/clock_config.o
 .debug_line    0x000071cc       0x5c ./board/peripherals.o
 .debug_line    0x00007228      0x38a ./board/pin_mux.o
 .debug_line    0x000075b2      0x333 ./CMSIS/system_MKL25Z4.o

.debug_str      0x00000000    0x36af8
 .debug_str     0x00000000    0x3151d ./utilities/fsl_debug_console.o
                              0x317c1 (size before relaxing)
 .debug_str     0x0003151d      0x3e1 ./startup/startup_mkl25z4.o
                               0x3214 (size before relaxing)
 .debug_str     0x000318fe     0x1466 ./source/Final_Project.o
                              0x31abb (size before relaxing)
 .debug_str     0x00032d64       0x83 ./source/accelerometer.o
                              0x310e2 (size before relaxing)
 .debug_str     0x00032de7      0x4ee ./source/audio_out.o
                              0x31370 (size before relaxing)
 .debug_str     0x000332d5       0xf4 ./source/cbfifo.o
                              0x28f1f (size before relaxing)
 .debug_str     0x000333c9       0x6f ./source/gpio_interrupt.o
                              0x31230 (size before relaxing)
 .debug_str     0x00033438       0xb3 ./source/i2c.o
                              0x29082 (size before relaxing)
 .debug_str     0x000334eb      0x1cd ./source/led.o
                              0x293a6 (size before relaxing)
 .debug_str     0x000336b8      0x532 ./source/mtb.o
                               0x3320 (size before relaxing)
 .debug_str     0x00033bea       0x1f ./source/semihost_hardfault.o
                               0x2e0d (size before relaxing)
 .debug_str     0x00033c09       0x87 ./source/sine.o
                              0x28e57 (size before relaxing)
 .debug_str     0x00033c90       0x38 ./source/sysclock.o
                              0x28df3 (size before relaxing)
 .debug_str     0x00033cc8      0x15e ./source/uart.o
                              0x296b9 (size before relaxing)
 .debug_str     0x00033e26     0x14bd ./drivers/fsl_clock.o
                              0x3231b (size before relaxing)
 .debug_str     0x000352e3       0xe1 ./drivers/fsl_common.o
                              0x30902 (size before relaxing)
 .debug_str     0x000353c4      0x955 ./drivers/fsl_lpsci.o
                              0x31923 (size before relaxing)
 .debug_str     0x00035d19      0x832 ./drivers/fsl_uart.o
                              0x31946 (size before relaxing)
 .debug_str     0x0003654b       0x4c ./board/board.o
                              0x31460 (size before relaxing)
 .debug_str     0x00036597      0x300 ./board/clock_config.o
                              0x31249 (size before relaxing)
 .debug_str     0x00036897       0x31 ./board/peripherals.o
                               0x2e1e (size before relaxing)
 .debug_str     0x000368c8      0x1e1 ./board/pin_mux.o
                              0x309ac (size before relaxing)
 .debug_str     0x00036aa9       0x4f ./CMSIS/system_MKL25Z4.o
                              0x2fc85 (size before relaxing)

.comment        0x00000000       0x79
 .comment       0x00000000       0x79 ./utilities/fsl_debug_console.o
                                 0x7a (size before relaxing)
 .comment       0x00000079       0x7a ./startup/startup_mkl25z4.o
 .comment       0x00000079       0x7a ./source/Final_Project.o
 .comment       0x00000079       0x7a ./source/accelerometer.o
 .comment       0x00000079       0x7a ./source/audio_out.o
 .comment       0x00000079       0x7a ./source/cbfifo.o
 .comment       0x00000079       0x7a ./source/gpio_interrupt.o
 .comment       0x00000079       0x7a ./source/i2c.o
 .comment       0x00000079       0x7a ./source/led.o
 .comment       0x00000079       0x7a ./source/mtb.o
 .comment       0x00000079       0x7a ./source/semihost_hardfault.o
 .comment       0x00000079       0x7a ./source/sine.o
 .comment       0x00000079       0x7a ./source/sysclock.o
 .comment       0x00000079       0x7a ./source/uart.o
 .comment       0x00000079       0x7a ./drivers/fsl_clock.o
 .comment       0x00000079       0x7a ./drivers/fsl_common.o
 .comment       0x00000079       0x7a ./drivers/fsl_lpsci.o
 .comment       0x00000079       0x7a ./drivers/fsl_uart.o
 .comment       0x00000079       0x7a ./board/board.o
 .comment       0x00000079       0x7a ./board/clock_config.o
 .comment       0x00000079       0x7a ./board/peripherals.o
 .comment       0x00000079       0x7a ./board/pin_mux.o
 .comment       0x00000079       0x7a ./CMSIS/system_MKL25Z4.o
 .comment       0x00000079       0x7a c:/nxp/mcuxpressoide_11.2.0_4120/ide/plugins/com.nxp.mcuxpresso.tools.win32_11.2.0.202001021529/tools/bin/../lib/gcc/arm-none-eabi/9.2.1/../../../../arm-none-eabi/lib/thumb/v6-m/nofp\libcr_nohost_nf.a(__ciob.o)
 .comment       0x00000079       0x7a c:/nxp/mcuxpressoide_11.2.0_4120/ide/plugins/com.nxp.mcuxpresso.tools.win32_11.2.0.202001021529/tools/bin/../lib/gcc/arm-none-eabi/9.2.1/../../../../arm-none-eabi/lib/thumb/v6-m/nofp\libcr_nohost_nf.a(_cr__main.o)
 .comment       0x00000079       0x7a c:/nxp/mcuxpressoide_11.2.0_4120/ide/plugins/com.nxp.mcuxpresso.tools.win32_11.2.0.202001021529/tools/bin/../lib/gcc/arm-none-eabi/9.2.1/../../../../arm-none-eabi/lib/thumb/v6-m/nofp\libcr_c.a(memcpy.o)
 .comment       0x00000079       0x7a c:/nxp/mcuxpressoide_11.2.0_4120/ide/plugins/com.nxp.mcuxpresso.tools.win32_11.2.0.202001021529/tools/bin/../lib/gcc/arm-none-eabi/9.2.1/../../../../arm-none-eabi/lib/thumb/v6-m/nofp\libcr_c.a(memset.o)
 .comment       0x00000079       0x7a c:/nxp/mcuxpressoide_11.2.0_4120/ide/plugins/com.nxp.mcuxpresso.tools.win32_11.2.0.202001021529/tools/bin/../lib/gcc/arm-none-eabi/9.2.1/../../../../arm-none-eabi/lib/thumb/v6-m/nofp\libcr_c.a(__fillbuf.o)
 .comment       0x00000079       0x7a c:/nxp/mcuxpressoide_11.2.0_4120/ide/plugins/com.nxp.mcuxpresso.tools.win32_11.2.0.202001021529/tools/bin/../lib/gcc/arm-none-eabi/9.2.1/../../../../arm-none-eabi/lib/thumb/v6-m/nofp\libcr_c.a(_deferredlazyseek.o)
 .comment       0x00000079       0x7a c:/nxp/mcuxpressoide_11.2.0_4120/ide/plugins/com.nxp.mcuxpresso.tools.win32_11.2.0.202001021529/tools/bin/../lib/gcc/arm-none-eabi/9.2.1/../../../../arm-none-eabi/lib/thumb/v6-m/nofp\libcr_c.a(_fflush.o)
 .comment       0x00000079       0x7a c:/nxp/mcuxpressoide_11.2.0_4120/ide/plugins/com.nxp.mcuxpresso.tools.win32_11.2.0.202001021529/tools/bin/../lib/gcc/arm-none-eabi/9.2.1/../../../../arm-none-eabi/lib/thumb/v6-m/nofp\libcr_c.a(_writebuf.o)
 .comment       0x00000079       0x7a c:/nxp/mcuxpressoide_11.2.0_4120/ide/plugins/com.nxp.mcuxpresso.tools.win32_11.2.0.202001021529/tools/bin/../lib/gcc/arm-none-eabi/9.2.1/../../../../arm-none-eabi/lib/thumb/v6-m/nofp\libcr_c.a(alloc.o)
 .comment       0x00000079       0x7a c:/nxp/mcuxpressoide_11.2.0_4120/ide/plugins/com.nxp.mcuxpresso.tools.win32_11.2.0.202001021529/tools/bin/../lib/gcc/arm-none-eabi/9.2.1/../../../../arm-none-eabi/lib/thumb/v6-m/nofp\libcr_c.a(atan2.o)
 .comment       0x00000079       0x7a c:/nxp/mcuxpressoide_11.2.0_4120/ide/plugins/com.nxp.mcuxpresso.tools.win32_11.2.0.202001021529/tools/bin/../lib/gcc/arm-none-eabi/9.2.1/../../../../arm-none-eabi/lib/thumb/v6-m/nofp\libcr_c.a(errno.o)
 .comment       0x00000079       0x7a c:/nxp/mcuxpressoide_11.2.0_4120/ide/plugins/com.nxp.mcuxpresso.tools.win32_11.2.0.202001021529/tools/bin/../lib/gcc/arm-none-eabi/9.2.1/../../../../arm-none-eabi/lib/thumb/v6-m/nofp\libcr_c.a(fabs.o)
 .comment       0x00000079       0x7a c:/nxp/mcuxpressoide_11.2.0_4120/ide/plugins/com.nxp.mcuxpresso.tools.win32_11.2.0.202001021529/tools/bin/../lib/gcc/arm-none-eabi/9.2.1/../../../../arm-none-eabi/lib/thumb/v6-m/nofp\libcr_c.a(fseek.o)
 .comment       0x00000079       0x7a c:/nxp/mcuxpressoide_11.2.0_4120/ide/plugins/com.nxp.mcuxpresso.tools.win32_11.2.0.202001021529/tools/bin/../lib/gcc/arm-none-eabi/9.2.1/../../../../arm-none-eabi/lib/thumb/v6-m/nofp\libcr_c.a(ftell.o)
 .comment       0x00000079       0x7a c:/nxp/mcuxpressoide_11.2.0_4120/ide/plugins/com.nxp.mcuxpresso.tools.win32_11.2.0.202001021529/tools/bin/../lib/gcc/arm-none-eabi/9.2.1/../../../../arm-none-eabi/lib/thumb/v6-m/nofp\libcr_c.a(initio.o)
 .comment       0x00000079       0x7a c:/nxp/mcuxpressoide_11.2.0_4120/ide/plugins/com.nxp.mcuxpresso.tools.win32_11.2.0.202001021529/tools/bin/../lib/gcc/arm-none-eabi/9.2.1/../../../../arm-none-eabi/lib/thumb/v6-m/nofp\libcr_c.a(printf.o)
 .comment       0x00000079       0x7a c:/nxp/mcuxpressoide_11.2.0_4120/ide/plugins/com.nxp.mcuxpresso.tools.win32_11.2.0.202001021529/tools/bin/../lib/gcc/arm-none-eabi/9.2.1/../../../../arm-none-eabi/lib/thumb/v6-m/nofp\libcr_c.a(setvbuf.o)
 .comment       0x00000079       0x7a c:/nxp/mcuxpressoide_11.2.0_4120/ide/plugins/com.nxp.mcuxpresso.tools.win32_11.2.0.202001021529/tools/bin/../lib/gcc/arm-none-eabi/9.2.1/../../../../arm-none-eabi/lib/thumb/v6-m/nofp\libcr_c.a(strlen.o)
 .comment       0x00000079       0x7a c:/nxp/mcuxpressoide_11.2.0_4120/ide/plugins/com.nxp.mcuxpresso.tools.win32_11.2.0.202001021529/tools/bin/../lib/gcc/arm-none-eabi/9.2.1/../../../../arm-none-eabi/lib/thumb/v6-m/nofp\libcr_c.a(__init_alloc.o)
 .comment       0x00000079       0x7a c:/nxp/mcuxpressoide_11.2.0_4120/ide/plugins/com.nxp.mcuxpresso.tools.win32_11.2.0.202001021529/tools/bin/../lib/gcc/arm-none-eabi/9.2.1/../../../../arm-none-eabi/lib/thumb/v6-m/nofp\libcr_c.a(_cr_sbrk.o)
 .comment       0x00000079       0x7a c:/nxp/mcuxpressoide_11.2.0_4120/ide/plugins/com.nxp.mcuxpresso.tools.win32_11.2.0.202001021529/tools/bin/../lib/gcc/arm-none-eabi/9.2.1/../../../../arm-none-eabi/lib/thumb/v6-m/nofp\libcr_c.a(_fdopen.o)
 .comment       0x00000079       0x7a c:/nxp/mcuxpressoide_11.2.0_4120/ide/plugins/com.nxp.mcuxpresso.tools.win32_11.2.0.202001021529/tools/bin/../lib/gcc/arm-none-eabi/9.2.1/../../../../arm-none-eabi/lib/thumb/v6-m/nofp\libcr_c.a(atan.o)
 .comment       0x00000079       0x7a c:/nxp/mcuxpressoide_11.2.0_4120/ide/plugins/com.nxp.mcuxpresso.tools.win32_11.2.0.202001021529/tools/bin/../lib/gcc/arm-none-eabi/9.2.1/../../../../arm-none-eabi/lib/thumb/v6-m/nofp\libcr_c.a(fclose.o)
 .comment       0x00000079       0x7a c:/nxp/mcuxpressoide_11.2.0_4120/ide/plugins/com.nxp.mcuxpresso.tools.win32_11.2.0.202001021529/tools/bin/../lib/gcc/arm-none-eabi/9.2.1/../../../../arm-none-eabi/lib/thumb/v6-m/nofp\libcr_c.a(fflush.o)
 .comment       0x00000079       0x7a c:/nxp/mcuxpressoide_11.2.0_4120/ide/plugins/com.nxp.mcuxpresso.tools.win32_11.2.0.202001021529/tools/bin/../lib/gcc/arm-none-eabi/9.2.1/../../../../arm-none-eabi/lib/thumb/v6-m/nofp\libcr_c.a(remove.o)
 .comment       0x00000079       0x7a c:/nxp/mcuxpressoide_11.2.0_4120/ide/plugins/com.nxp.mcuxpresso.tools.win32_11.2.0.202001021529/tools/bin/../lib/gcc/arm-none-eabi/9.2.1/../../../../arm-none-eabi/lib/thumb/v6-m/nofp\libcr_c.a(_cr_check_heap.o)
 .comment       0x00000079       0x7a c:/nxp/mcuxpressoide_11.2.0_4120/ide/plugins/com.nxp.mcuxpresso.tools.win32_11.2.0.202001021529/tools/bin/../lib/gcc/arm-none-eabi/9.2.1/../../../../arm-none-eabi/lib/thumb/v6-m/nofp\libcr_c.a(_do_fflush.o)
 .comment       0x00000079       0x7a c:/nxp/mcuxpressoide_11.2.0_4120/ide/plugins/com.nxp.mcuxpresso.tools.win32_11.2.0.202001021529/tools/bin/../lib/gcc/arm-none-eabi/9.2.1/thumb/v6-m/nofp\libcr_eabihelpers.a(double.o)
 .comment       0x00000079       0x7a c:/nxp/mcuxpressoide_11.2.0_4120/ide/plugins/com.nxp.mcuxpresso.tools.win32_11.2.0.202001021529/tools/bin/../lib/gcc/arm-none-eabi/9.2.1/../../../../arm-none-eabi/lib/thumb/v6-m/nofp\libcr_nohost_nf.a(__sys_appexit.o)
 .comment       0x00000079       0x7a c:/nxp/mcuxpressoide_11.2.0_4120/ide/plugins/com.nxp.mcuxpresso.tools.win32_11.2.0.202001021529/tools/bin/../lib/gcc/arm-none-eabi/9.2.1/../../../../arm-none-eabi/lib/thumb/v6-m/nofp\libcr_nohost_nf.a(__sys_close.o)
 .comment       0x00000079       0x7a c:/nxp/mcuxpressoide_11.2.0_4120/ide/plugins/com.nxp.mcuxpresso.tools.win32_11.2.0.202001021529/tools/bin/../lib/gcc/arm-none-eabi/9.2.1/../../../../arm-none-eabi/lib/thumb/v6-m/nofp\libcr_nohost_nf.a(__sys_flen.o)
 .comment       0x00000079       0x7a c:/nxp/mcuxpressoide_11.2.0_4120/ide/plugins/com.nxp.mcuxpresso.tools.win32_11.2.0.202001021529/tools/bin/../lib/gcc/arm-none-eabi/9.2.1/../../../../arm-none-eabi/lib/thumb/v6-m/nofp\libcr_nohost_nf.a(__sys_istty.o)
 .comment       0x00000079       0x7a c:/nxp/mcuxpressoide_11.2.0_4120/ide/plugins/com.nxp.mcuxpresso.tools.win32_11.2.0.202001021529/tools/bin/../lib/gcc/arm-none-eabi/9.2.1/../../../../arm-none-eabi/lib/thumb/v6-m/nofp\libcr_nohost_nf.a(__sys_read.o)
 .comment       0x00000079       0x7a c:/nxp/mcuxpressoide_11.2.0_4120/ide/plugins/com.nxp.mcuxpresso.tools.win32_11.2.0.202001021529/tools/bin/../lib/gcc/arm-none-eabi/9.2.1/../../../../arm-none-eabi/lib/thumb/v6-m/nofp\libcr_nohost_nf.a(__sys_remove.o)
 .comment       0x00000079       0x7a c:/nxp/mcuxpressoide_11.2.0_4120/ide/plugins/com.nxp.mcuxpresso.tools.win32_11.2.0.202001021529/tools/bin/../lib/gcc/arm-none-eabi/9.2.1/../../../../arm-none-eabi/lib/thumb/v6-m/nofp\libcr_nohost_nf.a(__sys_seek.o)
 .comment       0x00000079       0x7a c:/nxp/mcuxpressoide_11.2.0_4120/ide/plugins/com.nxp.mcuxpresso.tools.win32_11.2.0.202001021529/tools/bin/../lib/gcc/arm-none-eabi/9.2.1/../../../../arm-none-eabi/lib/thumb/v6-m/nofp\libcr_nohost_nf.a(__sys_tmpnam.o)

.ARM.attributes
                0x00000000       0x2a
 .ARM.attributes
                0x00000000       0x2c ./utilities/fsl_debug_console.o
 .ARM.attributes
                0x0000002c       0x2c ./startup/startup_mkl25z4.o
 .ARM.attributes
                0x00000058       0x2c ./source/Final_Project.o
 .ARM.attributes
                0x00000084       0x2c ./source/accelerometer.o
 .ARM.attributes
                0x000000b0       0x2c ./source/audio_out.o
 .ARM.attributes
                0x000000dc       0x2c ./source/cbfifo.o
 .ARM.attributes
                0x00000108       0x2c ./source/gpio_interrupt.o
 .ARM.attributes
                0x00000134       0x2c ./source/i2c.o
 .ARM.attributes
                0x00000160       0x2c ./source/led.o
 .ARM.attributes
                0x0000018c       0x32 ./source/mtb.o
 .ARM.attributes
                0x000001be       0x2c ./source/semihost_hardfault.o
 .ARM.attributes
                0x000001ea       0x2c ./source/sine.o
 .ARM.attributes
                0x00000216       0x2c ./source/sysclock.o
 .ARM.attributes
                0x00000242       0x2c ./source/uart.o
 .ARM.attributes
                0x0000026e       0x2c ./drivers/fsl_clock.o
 .ARM.attributes
                0x0000029a       0x2c ./drivers/fsl_common.o
 .ARM.attributes
                0x000002c6       0x2c ./drivers/fsl_lpsci.o
 .ARM.attributes
                0x000002f2       0x2c ./drivers/fsl_uart.o
 .ARM.attributes
                0x0000031e       0x2c ./board/board.o
 .ARM.attributes
                0x0000034a       0x2c ./board/clock_config.o
 .ARM.attributes
                0x00000376       0x2c ./board/peripherals.o
 .ARM.attributes
                0x000003a2       0x2c ./board/pin_mux.o
 .ARM.attributes
                0x000003ce       0x2c ./CMSIS/system_MKL25Z4.o
 .ARM.attributes
                0x000003fa       0x31 c:/nxp/mcuxpressoide_11.2.0_4120/ide/plugins/com.nxp.mcuxpresso.tools.win32_11.2.0.202001021529/tools/bin/../lib/gcc/arm-none-eabi/9.2.1/../../../../arm-none-eabi/lib/thumb/v6-m/nofp\libcr_nohost_nf.a(__ciob.o)
 .ARM.attributes
                0x0000042b       0x2c c:/nxp/mcuxpressoide_11.2.0_4120/ide/plugins/com.nxp.mcuxpresso.tools.win32_11.2.0.202001021529/tools/bin/../lib/gcc/arm-none-eabi/9.2.1/../../../../arm-none-eabi/lib/thumb/v6-m/nofp\libcr_nohost_nf.a(_cr__main.o)
 .ARM.attributes
                0x00000457       0x2c c:/nxp/mcuxpressoide_11.2.0_4120/ide/plugins/com.nxp.mcuxpresso.tools.win32_11.2.0.202001021529/tools/bin/../lib/gcc/arm-none-eabi/9.2.1/../../../../arm-none-eabi/lib/thumb/v6-m/nofp\libcr_c.a(memcpy.o)
 .ARM.attributes
                0x00000483       0x2c c:/nxp/mcuxpressoide_11.2.0_4120/ide/plugins/com.nxp.mcuxpresso.tools.win32_11.2.0.202001021529/tools/bin/../lib/gcc/arm-none-eabi/9.2.1/../../../../arm-none-eabi/lib/thumb/v6-m/nofp\libcr_c.a(memset.o)
 .ARM.attributes
                0x000004af       0x2c c:/nxp/mcuxpressoide_11.2.0_4120/ide/plugins/com.nxp.mcuxpresso.tools.win32_11.2.0.202001021529/tools/bin/../lib/gcc/arm-none-eabi/9.2.1/../../../../arm-none-eabi/lib/thumb/v6-m/nofp\libcr_c.a(__fillbuf.o)
 .ARM.attributes
                0x000004db       0x2c c:/nxp/mcuxpressoide_11.2.0_4120/ide/plugins/com.nxp.mcuxpresso.tools.win32_11.2.0.202001021529/tools/bin/../lib/gcc/arm-none-eabi/9.2.1/../../../../arm-none-eabi/lib/thumb/v6-m/nofp\libcr_c.a(_deferredlazyseek.o)
 .ARM.attributes
                0x00000507       0x2c c:/nxp/mcuxpressoide_11.2.0_4120/ide/plugins/com.nxp.mcuxpresso.tools.win32_11.2.0.202001021529/tools/bin/../lib/gcc/arm-none-eabi/9.2.1/../../../../arm-none-eabi/lib/thumb/v6-m/nofp\libcr_c.a(_fflush.o)
 .ARM.attributes
                0x00000533       0x2c c:/nxp/mcuxpressoide_11.2.0_4120/ide/plugins/com.nxp.mcuxpresso.tools.win32_11.2.0.202001021529/tools/bin/../lib/gcc/arm-none-eabi/9.2.1/../../../../arm-none-eabi/lib/thumb/v6-m/nofp\libcr_c.a(_writebuf.o)
 .ARM.attributes
                0x0000055f       0x2c c:/nxp/mcuxpressoide_11.2.0_4120/ide/plugins/com.nxp.mcuxpresso.tools.win32_11.2.0.202001021529/tools/bin/../lib/gcc/arm-none-eabi/9.2.1/../../../../arm-none-eabi/lib/thumb/v6-m/nofp\libcr_c.a(alloc.o)
 .ARM.attributes
                0x0000058b       0x2c c:/nxp/mcuxpressoide_11.2.0_4120/ide/plugins/com.nxp.mcuxpresso.tools.win32_11.2.0.202001021529/tools/bin/../lib/gcc/arm-none-eabi/9.2.1/../../../../arm-none-eabi/lib/thumb/v6-m/nofp\libcr_c.a(atan2.o)
 .ARM.attributes
                0x000005b7       0x31 c:/nxp/mcuxpressoide_11.2.0_4120/ide/plugins/com.nxp.mcuxpresso.tools.win32_11.2.0.202001021529/tools/bin/../lib/gcc/arm-none-eabi/9.2.1/../../../../arm-none-eabi/lib/thumb/v6-m/nofp\libcr_c.a(errno.o)
 .ARM.attributes
                0x000005e8       0x2c c:/nxp/mcuxpressoide_11.2.0_4120/ide/plugins/com.nxp.mcuxpresso.tools.win32_11.2.0.202001021529/tools/bin/../lib/gcc/arm-none-eabi/9.2.1/../../../../arm-none-eabi/lib/thumb/v6-m/nofp\libcr_c.a(fabs.o)
 .ARM.attributes
                0x00000614       0x2c c:/nxp/mcuxpressoide_11.2.0_4120/ide/plugins/com.nxp.mcuxpresso.tools.win32_11.2.0.202001021529/tools/bin/../lib/gcc/arm-none-eabi/9.2.1/../../../../arm-none-eabi/lib/thumb/v6-m/nofp\libcr_c.a(fseek.o)
 .ARM.attributes
                0x00000640       0x2c c:/nxp/mcuxpressoide_11.2.0_4120/ide/plugins/com.nxp.mcuxpresso.tools.win32_11.2.0.202001021529/tools/bin/../lib/gcc/arm-none-eabi/9.2.1/../../../../arm-none-eabi/lib/thumb/v6-m/nofp\libcr_c.a(ftell.o)
 .ARM.attributes
                0x0000066c       0x2c c:/nxp/mcuxpressoide_11.2.0_4120/ide/plugins/com.nxp.mcuxpresso.tools.win32_11.2.0.202001021529/tools/bin/../lib/gcc/arm-none-eabi/9.2.1/../../../../arm-none-eabi/lib/thumb/v6-m/nofp\libcr_c.a(initio.o)
 .ARM.attributes
                0x00000698       0x2c c:/nxp/mcuxpressoide_11.2.0_4120/ide/plugins/com.nxp.mcuxpresso.tools.win32_11.2.0.202001021529/tools/bin/../lib/gcc/arm-none-eabi/9.2.1/../../../../arm-none-eabi/lib/thumb/v6-m/nofp\libcr_c.a(printf.o)
 .ARM.attributes
                0x000006c4       0x2c c:/nxp/mcuxpressoide_11.2.0_4120/ide/plugins/com.nxp.mcuxpresso.tools.win32_11.2.0.202001021529/tools/bin/../lib/gcc/arm-none-eabi/9.2.1/../../../../arm-none-eabi/lib/thumb/v6-m/nofp\libcr_c.a(setvbuf.o)
 .ARM.attributes
                0x000006f0       0x2c c:/nxp/mcuxpressoide_11.2.0_4120/ide/plugins/com.nxp.mcuxpresso.tools.win32_11.2.0.202001021529/tools/bin/../lib/gcc/arm-none-eabi/9.2.1/../../../../arm-none-eabi/lib/thumb/v6-m/nofp\libcr_c.a(strlen.o)
 .ARM.attributes
                0x0000071c       0x2c c:/nxp/mcuxpressoide_11.2.0_4120/ide/plugins/com.nxp.mcuxpresso.tools.win32_11.2.0.202001021529/tools/bin/../lib/gcc/arm-none-eabi/9.2.1/../../../../arm-none-eabi/lib/thumb/v6-m/nofp\libcr_c.a(__init_alloc.o)
 .ARM.attributes
                0x00000748       0x2c c:/nxp/mcuxpressoide_11.2.0_4120/ide/plugins/com.nxp.mcuxpresso.tools.win32_11.2.0.202001021529/tools/bin/../lib/gcc/arm-none-eabi/9.2.1/../../../../arm-none-eabi/lib/thumb/v6-m/nofp\libcr_c.a(_cr_sbrk.o)
 .ARM.attributes
                0x00000774       0x2c c:/nxp/mcuxpressoide_11.2.0_4120/ide/plugins/com.nxp.mcuxpresso.tools.win32_11.2.0.202001021529/tools/bin/../lib/gcc/arm-none-eabi/9.2.1/../../../../arm-none-eabi/lib/thumb/v6-m/nofp\libcr_c.a(_fdopen.o)
 .ARM.attributes
                0x000007a0       0x2c c:/nxp/mcuxpressoide_11.2.0_4120/ide/plugins/com.nxp.mcuxpresso.tools.win32_11.2.0.202001021529/tools/bin/../lib/gcc/arm-none-eabi/9.2.1/../../../../arm-none-eabi/lib/thumb/v6-m/nofp\libcr_c.a(atan.o)
 .ARM.attributes
                0x000007cc       0x2c c:/nxp/mcuxpressoide_11.2.0_4120/ide/plugins/com.nxp.mcuxpresso.tools.win32_11.2.0.202001021529/tools/bin/../lib/gcc/arm-none-eabi/9.2.1/../../../../arm-none-eabi/lib/thumb/v6-m/nofp\libcr_c.a(fclose.o)
 .ARM.attributes
                0x000007f8       0x2c c:/nxp/mcuxpressoide_11.2.0_4120/ide/plugins/com.nxp.mcuxpresso.tools.win32_11.2.0.202001021529/tools/bin/../lib/gcc/arm-none-eabi/9.2.1/../../../../arm-none-eabi/lib/thumb/v6-m/nofp\libcr_c.a(fflush.o)
 .ARM.attributes
                0x00000824       0x2c c:/nxp/mcuxpressoide_11.2.0_4120/ide/plugins/com.nxp.mcuxpresso.tools.win32_11.2.0.202001021529/tools/bin/../lib/gcc/arm-none-eabi/9.2.1/../../../../arm-none-eabi/lib/thumb/v6-m/nofp\libcr_c.a(remove.o)
 .ARM.attributes
                0x00000850       0x2c c:/nxp/mcuxpressoide_11.2.0_4120/ide/plugins/com.nxp.mcuxpresso.tools.win32_11.2.0.202001021529/tools/bin/../lib/gcc/arm-none-eabi/9.2.1/../../../../arm-none-eabi/lib/thumb/v6-m/nofp\libcr_c.a(_cr_check_heap.o)
 .ARM.attributes
                0x0000087c       0x2c c:/nxp/mcuxpressoide_11.2.0_4120/ide/plugins/com.nxp.mcuxpresso.tools.win32_11.2.0.202001021529/tools/bin/../lib/gcc/arm-none-eabi/9.2.1/../../../../arm-none-eabi/lib/thumb/v6-m/nofp\libcr_c.a(_do_fflush.o)
 .ARM.attributes
                0x000008a8       0x1c c:/nxp/mcuxpressoide_11.2.0_4120/ide/plugins/com.nxp.mcuxpresso.tools.win32_11.2.0.202001021529/tools/bin/../lib/gcc/arm-none-eabi/9.2.1/thumb/v6-m/nofp\libcr_eabihelpers.a(division_32.o)
 .ARM.attributes
                0x000008c4       0x1c c:/nxp/mcuxpressoide_11.2.0_4120/ide/plugins/com.nxp.mcuxpresso.tools.win32_11.2.0.202001021529/tools/bin/../lib/gcc/arm-none-eabi/9.2.1/thumb/v6-m/nofp\libcr_eabihelpers.a(division_idiv0.o)
 .ARM.attributes
                0x000008e0       0x2c c:/nxp/mcuxpressoide_11.2.0_4120/ide/plugins/com.nxp.mcuxpresso.tools.win32_11.2.0.202001021529/tools/bin/../lib/gcc/arm-none-eabi/9.2.1/thumb/v6-m/nofp\libcr_eabihelpers.a(double.o)
 .ARM.attributes
                0x0000090c       0x1c c:/nxp/mcuxpressoide_11.2.0_4120/ide/plugins/com.nxp.mcuxpresso.tools.win32_11.2.0.202001021529/tools/bin/../lib/gcc/arm-none-eabi/9.2.1/thumb/v6-m/nofp\libcr_eabihelpers.a(llong.o)
 .ARM.attributes
                0x00000928       0x1c c:/nxp/mcuxpressoide_11.2.0_4120/ide/plugins/com.nxp.mcuxpresso.tools.win32_11.2.0.202001021529/tools/bin/../lib/gcc/arm-none-eabi/9.2.1/thumb/v6-m/nofp\libcr_eabihelpers.a(memcpy.o)
 .ARM.attributes
                0x00000944       0x1c c:/nxp/mcuxpressoide_11.2.0_4120/ide/plugins/com.nxp.mcuxpresso.tools.win32_11.2.0.202001021529/tools/bin/../lib/gcc/arm-none-eabi/9.2.1/thumb/v6-m/nofp\libcr_eabihelpers.a(thumb1_switch_helpers.o)
 .ARM.attributes
                0x00000960       0x2c c:/nxp/mcuxpressoide_11.2.0_4120/ide/plugins/com.nxp.mcuxpresso.tools.win32_11.2.0.202001021529/tools/bin/../lib/gcc/arm-none-eabi/9.2.1/../../../../arm-none-eabi/lib/thumb/v6-m/nofp\libcr_nohost_nf.a(__sys_appexit.o)
 .ARM.attributes
                0x0000098c       0x2c c:/nxp/mcuxpressoide_11.2.0_4120/ide/plugins/com.nxp.mcuxpresso.tools.win32_11.2.0.202001021529/tools/bin/../lib/gcc/arm-none-eabi/9.2.1/../../../../arm-none-eabi/lib/thumb/v6-m/nofp\libcr_nohost_nf.a(__sys_close.o)
 .ARM.attributes
                0x000009b8       0x2c c:/nxp/mcuxpressoide_11.2.0_4120/ide/plugins/com.nxp.mcuxpresso.tools.win32_11.2.0.202001021529/tools/bin/../lib/gcc/arm-none-eabi/9.2.1/../../../../arm-none-eabi/lib/thumb/v6-m/nofp\libcr_nohost_nf.a(__sys_flen.o)
 .ARM.attributes
                0x000009e4       0x2c c:/nxp/mcuxpressoide_11.2.0_4120/ide/plugins/com.nxp.mcuxpresso.tools.win32_11.2.0.202001021529/tools/bin/../lib/gcc/arm-none-eabi/9.2.1/../../../../arm-none-eabi/lib/thumb/v6-m/nofp\libcr_nohost_nf.a(__sys_istty.o)
 .ARM.attributes
                0x00000a10       0x2c c:/nxp/mcuxpressoide_11.2.0_4120/ide/plugins/com.nxp.mcuxpresso.tools.win32_11.2.0.202001021529/tools/bin/../lib/gcc/arm-none-eabi/9.2.1/../../../../arm-none-eabi/lib/thumb/v6-m/nofp\libcr_nohost_nf.a(__sys_read.o)
 .ARM.attributes
                0x00000a3c       0x2c c:/nxp/mcuxpressoide_11.2.0_4120/ide/plugins/com.nxp.mcuxpresso.tools.win32_11.2.0.202001021529/tools/bin/../lib/gcc/arm-none-eabi/9.2.1/../../../../arm-none-eabi/lib/thumb/v6-m/nofp\libcr_nohost_nf.a(__sys_remove.o)
 .ARM.attributes
                0x00000a68       0x2c c:/nxp/mcuxpressoide_11.2.0_4120/ide/plugins/com.nxp.mcuxpresso.tools.win32_11.2.0.202001021529/tools/bin/../lib/gcc/arm-none-eabi/9.2.1/../../../../arm-none-eabi/lib/thumb/v6-m/nofp\libcr_nohost_nf.a(__sys_seek.o)
 .ARM.attributes
                0x00000a94       0x2c c:/nxp/mcuxpressoide_11.2.0_4120/ide/plugins/com.nxp.mcuxpresso.tools.win32_11.2.0.202001021529/tools/bin/../lib/gcc/arm-none-eabi/9.2.1/../../../../arm-none-eabi/lib/thumb/v6-m/nofp\libcr_nohost_nf.a(__sys_tmpnam.o)

.debug_frame    0x00000000     0x1e4c
 .debug_frame   0x00000000      0x1f0 ./utilities/fsl_debug_console.o
 .debug_frame   0x000001f0      0x3b0 ./startup/startup_mkl25z4.o
 .debug_frame   0x000005a0       0x70 ./source/Final_Project.o
 .debug_frame   0x00000610       0x6c ./source/accelerometer.o
 .debug_frame   0x0000067c      0x13c ./source/audio_out.o
 .debug_frame   0x000007b8       0xb0 ./source/cbfifo.o
 .debug_frame   0x00000868       0xac ./source/gpio_interrupt.o
 .debug_frame   0x00000914      0x104 ./source/i2c.o
 .debug_frame   0x00000a18       0x4c ./source/led.o
 .debug_frame   0x00000a64       0x20 ./source/semihost_hardfault.o
 .debug_frame   0x00000a84       0x50 ./source/sine.o
 .debug_frame   0x00000ad4       0x2c ./source/sysclock.o
 .debug_frame   0x00000b00      0x114 ./source/uart.o
 .debug_frame   0x00000c14      0x6e0 ./drivers/fsl_clock.o
 .debug_frame   0x000012f4       0x90 ./drivers/fsl_common.o
 .debug_frame   0x00001384      0x414 ./drivers/fsl_lpsci.o
 .debug_frame   0x00001798      0x464 ./drivers/fsl_uart.o
 .debug_frame   0x00001bfc       0x50 ./board/board.o
 .debug_frame   0x00001c4c      0x100 ./board/clock_config.o
 .debug_frame   0x00001d4c       0x2c ./board/peripherals.o
 .debug_frame   0x00001d78       0x88 ./board/pin_mux.o
 .debug_frame   0x00001e00       0x4c ./CMSIS/system_MKL25Z4.o

Cross Reference Table

Symbol                                            File
ADC0_DriverIRQHandler                             ./startup/startup_mkl25z4.o
ADC0_IRQHandler                                   ./startup/startup_mkl25z4.o
BOARD_BootClockRUN                                ./board/clock_config.o
BOARD_BootClockVLPR                               ./board/clock_config.o
BOARD_InitBootClocks                              ./board/clock_config.o
                                                  ./source/Final_Project.o
BOARD_InitBootPeripherals                         ./board/peripherals.o
                                                  ./source/Final_Project.o
BOARD_InitBootPins                                ./board/pin_mux.o
                                                  ./source/Final_Project.o
BOARD_InitDebugConsole                            ./board/board.o
                                                  ./source/Final_Project.o
BOARD_InitPins                                    ./board/pin_mux.o
CLOCK_BootToBlpeMode                              ./drivers/fsl_clock.o
CLOCK_BootToBlpiMode                              ./drivers/fsl_clock.o
                                                  ./board/clock_config.o
CLOCK_BootToFeeMode                               ./drivers/fsl_clock.o
CLOCK_BootToFeiMode                               ./drivers/fsl_clock.o
CLOCK_BootToPeeMode                               ./drivers/fsl_clock.o
                                                  ./board/clock_config.o
CLOCK_CalcPllDiv                                  ./drivers/fsl_clock.o
CLOCK_ClearStatusFlags                            ./drivers/fsl_clock.o
CLOCK_DeinitOsc0                                  ./drivers/fsl_clock.o
CLOCK_EnablePll0                                  ./drivers/fsl_clock.o
CLOCK_EnableUsbfs0Clock                           ./drivers/fsl_clock.o
CLOCK_ExternalModeToFbeModeQuick                  ./drivers/fsl_clock.o
CLOCK_FllStableDelay                              ./drivers/fsl_clock.o
CLOCK_GetBusClkFreq                               ./drivers/fsl_clock.o
CLOCK_GetCoreSysClkFreq                           ./drivers/fsl_clock.o
CLOCK_GetEr32kClkFreq                             ./drivers/fsl_clock.o
CLOCK_GetFixedFreqClkFreq                         ./drivers/fsl_clock.o
CLOCK_GetFlashClkFreq                             ./drivers/fsl_clock.o
CLOCK_GetFllFreq                                  ./drivers/fsl_clock.o
CLOCK_GetFreq                                     ./drivers/fsl_clock.o
CLOCK_GetInternalRefClkFreq                       ./drivers/fsl_clock.o
CLOCK_GetMode                                     ./drivers/fsl_clock.o
CLOCK_GetOsc0ErClkFreq                            ./drivers/fsl_clock.o
CLOCK_GetOutClkFreq                               ./drivers/fsl_clock.o
CLOCK_GetPlatClkFreq                              ./drivers/fsl_clock.o
CLOCK_GetPll0Freq                                 ./drivers/fsl_clock.o
CLOCK_GetPllFllSelClkFreq                         ./drivers/fsl_clock.o
                                                  ./board/board.o
CLOCK_GetStatusFlags                              ./drivers/fsl_clock.o
CLOCK_InitOsc0                                    ./drivers/fsl_clock.o
                                                  ./board/clock_config.o
CLOCK_InternalModeToFbiModeQuick                  ./drivers/fsl_clock.o
CLOCK_SetBlpeMode                                 ./drivers/fsl_clock.o
CLOCK_SetBlpiMode                                 ./drivers/fsl_clock.o
CLOCK_SetExternalRefClkConfig                     ./drivers/fsl_clock.o
CLOCK_SetFbeMode                                  ./drivers/fsl_clock.o
CLOCK_SetFbiMode                                  ./drivers/fsl_clock.o
CLOCK_SetFeeMode                                  ./drivers/fsl_clock.o
CLOCK_SetFeiMode                                  ./drivers/fsl_clock.o
CLOCK_SetInternalRefClkConfig                     ./drivers/fsl_clock.o